Archive member included to satisfy reference by file (symbol)

C:/ST/STM32CubeIDE_1.16.0/STM32CubeIDE/plugins/com.st.stm32cube.ide.mcu.externaltools.gnu-tools-for-stm32.12.3.rel1.win32_1.0.200.202406191623/tools/bin/../lib/gcc/arm-none-eabi/12.3.1/../../../../arm-none-eabi/lib/thumb/v7e-m+fp/hard\libc_nano.a(libc_a-exit.o)
                              C:/ST/STM32CubeIDE_1.16.0/STM32CubeIDE/plugins/com.st.stm32cube.ide.mcu.externaltools.gnu-tools-for-stm32.12.3.rel1.win32_1.0.200.202406191623/tools/bin/../lib/gcc/arm-none-eabi/12.3.1/../../../../arm-none-eabi/lib/thumb/v7e-m+fp/hard/crt0.o (exit)
C:/ST/STM32CubeIDE_1.16.0/STM32CubeIDE/plugins/com.st.stm32cube.ide.mcu.externaltools.gnu-tools-for-stm32.12.3.rel1.win32_1.0.200.202406191623/tools/bin/../lib/gcc/arm-none-eabi/12.3.1/../../../../arm-none-eabi/lib/thumb/v7e-m+fp/hard\libc_nano.a(libc_a-findfp.o)
                              C:/ST/STM32CubeIDE_1.16.0/STM32CubeIDE/plugins/com.st.stm32cube.ide.mcu.externaltools.gnu-tools-for-stm32.12.3.rel1.win32_1.0.200.202406191623/tools/bin/../lib/gcc/arm-none-eabi/12.3.1/../../../../arm-none-eabi/lib/thumb/v7e-m+fp/hard\libc_nano.a(libc_a-exit.o) (__stdio_exit_handler)
C:/ST/STM32CubeIDE_1.16.0/STM32CubeIDE/plugins/com.st.stm32cube.ide.mcu.externaltools.gnu-tools-for-stm32.12.3.rel1.win32_1.0.200.202406191623/tools/bin/../lib/gcc/arm-none-eabi/12.3.1/../../../../arm-none-eabi/lib/thumb/v7e-m+fp/hard\libc_nano.a(libc_a-fwalk.o)
                              C:/ST/STM32CubeIDE_1.16.0/STM32CubeIDE/plugins/com.st.stm32cube.ide.mcu.externaltools.gnu-tools-for-stm32.12.3.rel1.win32_1.0.200.202406191623/tools/bin/../lib/gcc/arm-none-eabi/12.3.1/../../../../arm-none-eabi/lib/thumb/v7e-m+fp/hard\libc_nano.a(libc_a-findfp.o) (_fwalk_sglue)
C:/ST/STM32CubeIDE_1.16.0/STM32CubeIDE/plugins/com.st.stm32cube.ide.mcu.externaltools.gnu-tools-for-stm32.12.3.rel1.win32_1.0.200.202406191623/tools/bin/../lib/gcc/arm-none-eabi/12.3.1/../../../../arm-none-eabi/lib/thumb/v7e-m+fp/hard\libc_nano.a(libc_a-snprintf.o)
                              ./Core/Src/main.o (snprintf)
C:/ST/STM32CubeIDE_1.16.0/STM32CubeIDE/plugins/com.st.stm32cube.ide.mcu.externaltools.gnu-tools-for-stm32.12.3.rel1.win32_1.0.200.202406191623/tools/bin/../lib/gcc/arm-none-eabi/12.3.1/../../../../arm-none-eabi/lib/thumb/v7e-m+fp/hard\libc_nano.a(libc_a-stdio.o)
                              C:/ST/STM32CubeIDE_1.16.0/STM32CubeIDE/plugins/com.st.stm32cube.ide.mcu.externaltools.gnu-tools-for-stm32.12.3.rel1.win32_1.0.200.202406191623/tools/bin/../lib/gcc/arm-none-eabi/12.3.1/../../../../arm-none-eabi/lib/thumb/v7e-m+fp/hard\libc_nano.a(libc_a-findfp.o) (__sread)
C:/ST/STM32CubeIDE_1.16.0/STM32CubeIDE/plugins/com.st.stm32cube.ide.mcu.externaltools.gnu-tools-for-stm32.12.3.rel1.win32_1.0.200.202406191623/tools/bin/../lib/gcc/arm-none-eabi/12.3.1/../../../../arm-none-eabi/lib/thumb/v7e-m+fp/hard\libc_nano.a(libc_a-memset.o)
                              C:/ST/STM32CubeIDE_1.16.0/STM32CubeIDE/plugins/com.st.stm32cube.ide.mcu.externaltools.gnu-tools-for-stm32.12.3.rel1.win32_1.0.200.202406191623/tools/bin/../lib/gcc/arm-none-eabi/12.3.1/../../../../arm-none-eabi/lib/thumb/v7e-m+fp/hard/crt0.o (memset)
C:/ST/STM32CubeIDE_1.16.0/STM32CubeIDE/plugins/com.st.stm32cube.ide.mcu.externaltools.gnu-tools-for-stm32.12.3.rel1.win32_1.0.200.202406191623/tools/bin/../lib/gcc/arm-none-eabi/12.3.1/../../../../arm-none-eabi/lib/thumb/v7e-m+fp/hard\libc_nano.a(libc_a-strncmp.o)
                              ./Core/Src/main.o (strncmp)
C:/ST/STM32CubeIDE_1.16.0/STM32CubeIDE/plugins/com.st.stm32cube.ide.mcu.externaltools.gnu-tools-for-stm32.12.3.rel1.win32_1.0.200.202406191623/tools/bin/../lib/gcc/arm-none-eabi/12.3.1/../../../../arm-none-eabi/lib/thumb/v7e-m+fp/hard\libc_nano.a(libc_a-closer.o)
                              C:/ST/STM32CubeIDE_1.16.0/STM32CubeIDE/plugins/com.st.stm32cube.ide.mcu.externaltools.gnu-tools-for-stm32.12.3.rel1.win32_1.0.200.202406191623/tools/bin/../lib/gcc/arm-none-eabi/12.3.1/../../../../arm-none-eabi/lib/thumb/v7e-m+fp/hard\libc_nano.a(libc_a-stdio.o) (_close_r)
C:/ST/STM32CubeIDE_1.16.0/STM32CubeIDE/plugins/com.st.stm32cube.ide.mcu.externaltools.gnu-tools-for-stm32.12.3.rel1.win32_1.0.200.202406191623/tools/bin/../lib/gcc/arm-none-eabi/12.3.1/../../../../arm-none-eabi/lib/thumb/v7e-m+fp/hard\libc_nano.a(libc_a-reent.o)
                              C:/ST/STM32CubeIDE_1.16.0/STM32CubeIDE/plugins/com.st.stm32cube.ide.mcu.externaltools.gnu-tools-for-stm32.12.3.rel1.win32_1.0.200.202406191623/tools/bin/../lib/gcc/arm-none-eabi/12.3.1/../../../../arm-none-eabi/lib/thumb/v7e-m+fp/hard\libc_nano.a(libc_a-closer.o) (errno)
C:/ST/STM32CubeIDE_1.16.0/STM32CubeIDE/plugins/com.st.stm32cube.ide.mcu.externaltools.gnu-tools-for-stm32.12.3.rel1.win32_1.0.200.202406191623/tools/bin/../lib/gcc/arm-none-eabi/12.3.1/../../../../arm-none-eabi/lib/thumb/v7e-m+fp/hard\libc_nano.a(libc_a-impure.o)
[...]
Memory Configuration

Name             Origin             Length             Attributes
RAM              0x20000000         0x00018000         xrw
RAM2             0x10000000         0x00008000         xrw
FLASH            0x08000000         0x00100000         xr
*default*        0x00000000         0xffffffff

Linker script and memory map

LOAD C:/ST/STM32CubeIDE_1.16.0/STM32CubeIDE/plugins/com.st.stm32cube.ide.mcu.externaltools.gnu-tools-for-stm32.12.3.rel1.win32_1.0.200.202406191623/tools/bin/../lib/gcc/arm-none-eabi/12.3.1/thumb/v7e-m+fp/hard/crti.o
LOAD C:/ST/STM32CubeIDE_1.16.0/STM32CubeIDE/plugins/com.st.stm32cube.ide.mcu.externaltools.gnu-tools-for-stm32.12.3.rel1.win32_1.0.200.202406191623/tools/bin/../lib/gcc/arm-none-eabi/12.3.1/thumb/v7e-m+fp/hard/crtbegin.o
LOAD C:/ST/STM32CubeIDE_1.16.0/STM32CubeIDE/plugins/com.st.stm32cube.ide.mcu.externaltools.gnu-tools-for-stm32.12.3.rel1.win32_1.0.200.202406191623/tools/bin/../lib/gcc/arm-none-eabi/12.3.1/../../../../arm-none-eabi/lib/thumb/v7e-m+fp/hard/crt0.o
LOAD ./Core/Src/freertos.o
LOAD ./Core/Src/main.o
LOAD ./Core/Src/stm32l4xx_hal_msp.o
LOAD ./Core/Src/stm32l4xx_it.o
LOAD ./Core/Src/syscalls.o
LOAD ./Core/Src/sysmem.o
LOAD ./Core/Src/system_stm32l4xx.o
LOAD ./Core/Startup/startup_stm32l476rgtx.o
LOAD ./Drivers/STM32L4xx_HAL_Driver/Src/stm32l4xx_hal.o
LOAD ./Drivers/STM32L4xx_HAL_Driver/Src/stm32l4xx_hal_cortex.o
LOAD ./Drivers/STM32L4xx_HAL_Driver/Src/stm32l4xx_hal_dma.o
LOAD ./Drivers/STM32L4xx_HAL_Driver/Src/stm32l4xx_hal_dma_ex.o
LOAD ./Drivers/STM32L4xx_HAL_Driver/Src/stm32l4xx_hal_exti.o
LOAD ./Drivers/STM32L4xx_HAL_Driver/Src/stm32l4xx_hal_flash.o
LOAD ./Drivers/STM32L4xx_HAL_Driver/Src/stm32l4xx_hal_flash_ex.o
LOAD ./Drivers/STM32L4xx_HAL_Driver/Src/stm32l4xx_hal_flash_ramfunc.o
LOAD ./Drivers/STM32L4xx_HAL_Driver/Src/stm32l4xx_hal_gpio.o
LOAD ./Drivers/STM32L4xx_HAL_Driver/Src/stm32l4xx_hal_i2c.o
LOAD ./Drivers/STM32L4xx_HAL_Driver/Src/stm32l4xx_hal_i2c_ex.o
LOAD ./Drivers/STM32L4xx_HAL_Driver/Src/stm32l4xx_hal_pwr.o
LOAD ./Drivers/STM32L4xx_HAL_Driver/Src/stm32l4xx_hal_pwr_ex.o
LOAD ./Drivers/STM32L4xx_HAL_Driver/Src/stm32l4xx_hal_rcc.o
LOAD ./Drivers/STM32L4xx_HAL_Driver/Src/stm32l4xx_hal_rcc_ex.o
LOAD ./Drivers/STM32L4xx_HAL_Driver/Src/stm32l4xx_hal_tim.o
LOAD ./Drivers/STM32L4xx_HAL_Driver/Src/stm32l4xx_hal_tim_ex.o
LOAD ./Drivers/STM32L4xx_HAL_Driver/Src/stm32l4xx_hal_uart.o
LOAD ./Drivers/STM32L4xx_HAL_Driver/Src/stm32l4xx_hal_uart_ex.o
LOAD ./Middlewares/Third_Party/FreeRTOS/Source/CMSIS_RTOS_V2/cmsis_os2.o
LOAD ./Middlewares/Third_Party/FreeRTOS/Source/croutine.o
LOAD ./Middlewares/Third_Party/FreeRTOS/Source/event_groups.o
LOAD ./Middlewares/Third_Party/FreeRTOS/Source/list.o
LOAD ./Middlewares/Third_Party/FreeRTOS/Source/queue.o
LOAD ./Middlewares/Third_Party/FreeRTOS/Source/stream_buffer.o
LOAD ./Middlewares/Third_Party/FreeRTOS/Source/tasks.o
LOAD ./Middlewares/Third_Party/FreeRTOS/Source/timers.o
LOAD ./Middlewares/Third_Party/FreeRTOS/Source/portable/GCC/ARM_CM4F/port.o
LOAD ./Middlewares/Third_Party/FreeRTOS/Source/portable/MemMang/heap_4.o
START GROUP
LOAD C:/ST/STM32CubeIDE_1.16.0/STM32CubeIDE/plugins/com.st.stm32cube.ide.mcu.externaltools.gnu-tools-for-stm32.12.3.rel1.win32_1.0.200.202406191623/tools/bin/../lib/gcc/arm-none-eabi/12.3.1/../../../../arm-none-eabi/lib/thumb/v7e-m+fp/hard\libc_nano.a
LOAD C:/ST/STM32CubeIDE_1.16.0/STM32CubeIDE/plugins/com.st.stm32cube.ide.mcu.externaltools.gnu-tools-for-stm32.12.3.rel1.win32_1.0.200.202406191623/tools/bin/../lib/gcc/arm-none-eabi/12.3.1/../../../../arm-none-eabi/lib/thumb/v7e-m+fp/hard\libm.a
END GROUP
START GROUP
LOAD C:/ST/STM32CubeIDE_1.16.0/STM32CubeIDE/plugins/com.st.stm32cube.ide.mcu.externaltools.gnu-tools-for-stm32.12.3.rel1.win32_1.0.200.202406191623/tools/bin/../lib/gcc/arm-none-eabi/12.3.1/thumb/v7e-m+fp/hard\libgcc.a
LOAD C:/ST/STM32CubeIDE_1.16.0/STM32CubeIDE/plugins/com.st.stm32cube.ide.mcu.externaltools.gnu-tools-for-stm32.12.3.rel1.win32_1.0.200.202406191623/tools/bin/../lib/gcc/arm-none-eabi/12.3.1/../../../../arm-none-eabi/lib/thumb/v7e-m+fp/hard\libc_nano.a
END GROUP
START GROUP
LOAD C:/ST/STM32CubeIDE_1.16.0/STM32CubeIDE/plugins/com.st.stm32cube.ide.mcu.externaltools.gnu-tools-for-stm32.12.3.rel1.win32_1.0.200.202406191623/tools/bin/../lib/gcc/arm-none-eabi/12.3.1/thumb/v7e-m+fp/hard\libgcc.a
LOAD C:/ST/STM32CubeIDE_1.16.0/STM32CubeIDE/plugins/com.st.stm32cube.ide.mcu.externaltools.gnu-tools-for-stm32.12.3.rel1.win32_1.0.200.202406191623/tools/bin/../lib/gcc/arm-none-eabi/12.3.1/../../../../arm-none-eabi/lib/thumb/v7e-m+fp/hard\libc_nano.a
LOAD C:/ST/STM32CubeIDE_1.16.0/STM32CubeIDE/plugins/com.st.stm32cube.ide.mcu.externaltools.gnu-tools-for-stm32.12.3.rel1.win32_1.0.200.202406191623/tools/bin/../lib/gcc/arm-none-eabi/12.3.1/../../../../arm-none-eabi/lib/thumb/v7e-m+fp/hard\libnosys.a
END GROUP
START GROUP
LOAD C:/ST/STM32CubeIDE_1.16.0/STM32CubeIDE/plugins/com.st.stm32cube.ide.mcu.externaltools.gnu-tools-for-stm32.12.3.rel1.win32_1.0.200.202406191623/tools/bin/../lib/gcc/arm-none-eabi/12.3.1/thumb/v7e-m+fp/hard\libgcc.a
LOAD C:/ST/STM32CubeIDE_1.16.0/STM32CubeIDE/plugins/com.st.stm32cube.ide.mcu.externaltools.gnu-tools-for-stm32.12.3.rel1.win32_1.0.200.202406191623/tools/bin/../lib/gcc/arm-none-eabi/12.3.1/../../../../arm-none-eabi/lib/thumb/v7e-m+fp/hard\libc_nano.a
LOAD C:/ST/STM32CubeIDE_1.16.0/STM32CubeIDE/plugins/com.st.stm32cube.ide.mcu.externaltools.gnu-tools-for-stm32.12.3.rel1.win32_1.0.200.202406191623/tools/bin/../lib/gcc/arm-none-eabi/12.3.1/../../../../arm-none-eabi/lib/thumb/v7e-m+fp/hard\libnosys.a
END GROUP
LOAD C:/ST/STM32CubeIDE_1.16.0/STM32CubeIDE/plugins/com.st.stm32cube.ide.mcu.externaltools.gnu-tools-for-stm32.12.3.rel1.win32_1.0.200.202406191623/tools/bin/../lib/gcc/arm-none-eabi/12.3.1/thumb/v7e-m+fp/hard/crtend.o
LOAD C:/ST/STM32CubeIDE_1.16.0/STM32CubeIDE/plugins/com.st.stm32cube.ide.mcu.externaltools.gnu-tools-for-stm32.12.3.rel1.win32_1.0.200.202406191623/tools/bin/../lib/gcc/arm-none-eabi/12.3.1/thumb/v7e-m+fp/hard/crtn.o
                0x20018000                        _estack = (ORIGIN (RAM) + LENGTH (RAM))
                0x00000200                        _Min_Heap_Size = 0x200
                0x00000400                        _Min_Stack_Size = 0x400

.isr_vector     0x08000000      0x188
                0x08000000                        . = ALIGN (0x4)
 *(.isr_vector)
 .isr_vector    0x08000000      0x188 ./Core/Startup/startup_stm32l476rgtx.o
                0x08000000                g_pfnVectors
                0x08000188                        . = ALIGN (0x4)

.text           0x08000190     0x75fc
                0x08000190                        . = ALIGN (0x4)
 *(.text)
 .text          0x08000190       0x40 C:/ST/STM32CubeIDE_1.16.0/STM32CubeIDE/plugins/com.st.stm32cube.ide.mcu.externaltools.gnu-tools-for-stm32.12.3.rel1.win32_1.0.200.202406191623/tools/bin/../lib/gcc/arm-none-eabi/12.3.1/thumb/v7e-m+fp/hard/crtbegin.o
 .text          0x080001d0       0x10 C:/ST/STM32CubeIDE_1.16.0/STM32CubeIDE/plugins/com.st.stm32cube.ide.mcu.externaltools.gnu-tools-for-stm32.12.3.rel1.win32_1.0.200.202406191623/tools/bin/../lib/gcc/arm-none-eabi/12.3.1/../../../../arm-none-eabi/lib/thumb/v7e-m+fp/hard\libc_nano.a(libc_a-strlen.o)
                0x080001d0                strlen
 .text          0x080001e0       0xa0 C:/ST/STM32CubeIDE_1.16.0/STM32CubeIDE/plugins/com.st.stm32cube.ide.mcu.externaltools.gnu-tools-for-stm32.12.3.rel1.win32_1.0.200.202406191623/tools/bin/../lib/gcc/arm-none-eabi/12.3.1/../../../../arm-none-eabi/lib/thumb/v7e-m+fp/hard\libc_nano.a(libc_a-memchr.o)
                0x080001e0                memchr
 .text          0x08000280       0x30 C:/ST/STM32CubeIDE_1.16.0/STM32CubeIDE/plugins/com.st.stm32cube.ide.mcu.externaltools.gnu-tools-for-stm32.12.3.rel1.win32_1.0.200.202406191623/tools/bin/../lib/gcc/arm-none-eabi/12.3.1/thumb/v7e-m+fp/hard\libgcc.a(_aeabi_uldivmod.o)
                0x08000280                __aeabi_uldivmod
 .text          0x080002b0      0x2bc C:/ST/STM32CubeIDE_1.16.0/STM32CubeIDE/plugins/com.st.stm32cube.ide.mcu.externaltools.gnu-tools-for-stm32.12.3.rel1.win32_1.0.200.202406191623/tools/bin/../lib/gcc/arm-none-eabi/12.3.1/thumb/v7e-m+fp/hard\libgcc.a(_udivmoddi4.o)
                0x080002b0                __udivmoddi4
 .text          0x0800056c        0x4 C:/ST/STM32CubeIDE_1.16.0/STM32CubeIDE/plugins/com.st.stm32cube.ide.mcu.externaltools.gnu-tools-for-stm32.12.3.rel1.win32_1.0.200.202406191623/tools/bin/../lib/gcc/arm-none-eabi/12.3.1/thumb/v7e-m+fp/hard\libgcc.a(_dvmd_tls.o)
                0x0800056c                __aeabi_idiv0
                0x0800056c                __aeabi_ldiv0
 *(.text*)
 .text.main     0x08000570       0x98 ./Core/Src/main.o
                0x08000570                main
 .text.SystemClock_Config
                0x08000608       0xa2 ./Core/Src/main.o
                0x08000608                SystemClock_Config
 *fill*         0x080006aa        0x2 
 .text.MX_USART2_UART_Init
                0x080006ac       0x60 ./Core/Src/main.o
 .text.MX_GPIO_Init
                0x0800070c       0xcc ./Core/Src/main.o
 .text.BlinkGreenLed
                0x080007d8       0x1e ./Core/Src/main.o
                0x080007d8                BlinkGreenLed
 *fill*         0x080007f6        0x2 
 .text.UART_Sender
                0x080007f8       0x4c ./Core/Src/main.o
                0x080007f8                UART_Sender
 .text.vUARTTask
                0x08000844      0x108 ./Core/Src/main.o
                0x08000844                vUARTTask
 .text.Error_Handler
                0x0800094c        0xc ./Core/Src/main.o
                0x0800094c                Error_Handler
 .text.HAL_MspInit
                0x08000958       0x50 ./Core/Src/stm32l4xx_hal_msp.o
                0x08000958                HAL_MspInit
 .text.HAL_UART_MspInit
                0x080009a8       0xc8 ./Core/Src/stm32l4xx_hal_msp.o
                0x080009a8                HAL_UART_MspInit
 .text.NMI_Handler
                0x08000a70        0x8 ./Core/Src/stm32l4xx_it.o
                0x08000a70                NMI_Handler
 .text.HardFault_Handler
                0x08000a78        0x8 ./Core/Src/stm32l4xx_it.o
                0x08000a78                HardFault_Handler
 .text.MemManage_Handler
                0x08000a80        0x8 ./Core/Src/stm32l4xx_it.o
                0x08000a80                MemManage_Handler
 .text.BusFault_Handler
                0x08000a88        0x8 ./Core/Src/stm32l4xx_it.o
                0x08000a88                BusFault_Handler
 .text.UsageFault_Handler
                0x08000a90        0x8 ./Core/Src/stm32l4xx_it.o
                0x08000a90                UsageFault_Handler
 .text.DebugMon_Handler
                0x08000a98        0xe ./Core/Src/stm32l4xx_it.o
                0x08000a98                DebugMon_Handler
 .text.SysTick_Handler
                0x08000aa6       0x1a ./Core/Src/stm32l4xx_it.o
                0x08000aa6                SysTick_Handler
 .text.USART2_IRQHandler
                0x08000ac0       0x6c ./Core/Src/stm32l4xx_it.o
                0x08000ac0                USART2_IRQHandler
 .text._sbrk    0x08000b2c       0x6c ./Core/Src/sysmem.o
                0x08000b2c                _sbrk
 .text.SystemInit
                0x08000b98       0x24 ./Core/Src/system_stm32l4xx.o
                0x08000b98                SystemInit
 .text.Reset_Handler
                0x08000bbc       0x50 ./Core/Startup/startup_stm32l476rgtx.o
                0x08000bbc                Reset_Handler
 .text.Default_Handler
                0x08000c0c        0x2 ./Core/Startup/startup_stm32l476rgtx.o
                0x08000c0c                RTC_Alarm_IRQHandler
                0x08000c0c                EXTI2_IRQHandler
                0x08000c0c                TIM8_TRG_COM_IRQHandler
                0x08000c0c                TIM8_CC_IRQHandler
                0x08000c0c                TIM1_CC_IRQHandler
                0x08000c0c                TSC_IRQHandler
                0x08000c0c                TAMP_STAMP_IRQHandler
                0x08000c0c                EXTI3_IRQHandler
                0x08000c0c                LPTIM2_IRQHandler
                0x08000c0c                DFSDM1_FLT1_IRQHandler
                0x08000c0c                I2C3_ER_IRQHandler
                0x08000c0c                DFSDM1_FLT2_IRQHandler
                0x08000c0c                EXTI0_IRQHandler
                0x08000c0c                I2C2_EV_IRQHandler
                0x08000c0c                CAN1_RX0_IRQHandler
                0x08000c0c                FPU_IRQHandler
                0x08000c0c                TIM1_UP_TIM16_IRQHandler
                0x08000c0c                ADC1_2_IRQHandler
                0x08000c0c                SPI1_IRQHandler
                0x08000c0c                TIM6_DAC_IRQHandler
                0x08000c0c                TIM8_UP_IRQHandler
                0x08000c0c                DMA2_Channel2_IRQHandler
                0x08000c0c                DMA1_Channel4_IRQHandler
                0x08000c0c                SAI2_IRQHandler
                0x08000c0c                DFSDM1_FLT3_IRQHandler
                0x08000c0c                USART3_IRQHandler
                0x08000c0c                DMA1_Channel7_IRQHandler
                0x08000c0c                CAN1_RX1_IRQHandler
                0x08000c0c                LCD_IRQHandler
                0x08000c0c                UART5_IRQHandler
                0x08000c0c                ADC3_IRQHandler
                0x08000c0c                TIM4_IRQHandler
                0x08000c0c                DMA2_Channel1_IRQHandler
                0x08000c0c                QUADSPI_IRQHandler
                0x08000c0c                I2C1_EV_IRQHandler
                0x08000c0c                DMA1_Channel6_IRQHandler
                0x08000c0c                UART4_IRQHandler
                0x08000c0c                DMA2_Channel4_IRQHandler
                0x08000c0c                TIM3_IRQHandler
                0x08000c0c                RCC_IRQHandler
                0x08000c0c                DMA1_Channel1_IRQHandler
                0x08000c0c                Default_Handler
                0x08000c0c                DMA2_Channel7_IRQHandler
                0x08000c0c                EXTI15_10_IRQHandler
                0x08000c0c                TIM7_IRQHandler
                0x08000c0c                SDMMC1_IRQHandler
                0x08000c0c                TIM5_IRQHandler
                0x08000c0c                I2C3_EV_IRQHandler
                0x08000c0c                EXTI9_5_IRQHandler
                0x08000c0c                RTC_WKUP_IRQHandler
                0x08000c0c                PVD_PVM_IRQHandler
                0x08000c0c                SPI2_IRQHandler
                0x08000c0c                CAN1_TX_IRQHandler
                0x08000c0c                DMA2_Channel5_IRQHandler
                0x08000c0c                DMA1_Channel5_IRQHandler
                0x08000c0c                EXTI4_IRQHandler
                0x08000c0c                RNG_IRQHandler
                0x08000c0c                TIM1_TRG_COM_TIM17_IRQHandler
                0x08000c0c                DMA1_Channel3_IRQHandler
                0x08000c0c                COMP_IRQHandler
                0x08000c0c                WWDG_IRQHandler
                0x08000c0c                LPUART1_IRQHandler
                0x08000c0c                DMA2_Channel6_IRQHandler
                0x08000c0c                TIM2_IRQHandler
                0x08000c0c                EXTI1_IRQHandler
                0x08000c0c                DFSDM1_FLT0_IRQHandler
                0x08000c0c                I2C2_ER_IRQHandler
                0x08000c0c                DMA1_Channel2_IRQHandler
                0x08000c0c                TIM8_BRK_IRQHandler
                0x08000c0c                CAN1_SCE_IRQHandler
                0x08000c0c                FLASH_IRQHandler
                0x08000c0c                USART1_IRQHandler
                0x08000c0c                OTG_FS_IRQHandler
                0x08000c0c                SPI3_IRQHandler
                0x08000c0c                I2C1_ER_IRQHandler
                0x08000c0c                FMC_IRQHandler
                0x08000c0c                SWPMI1_IRQHandler
                0x08000c0c                LPTIM1_IRQHandler
                0x08000c0c                SAI1_IRQHandler
                0x08000c0c                DMA2_Channel3_IRQHandler
                0x08000c0c                TIM1_BRK_TIM15_IRQHandler
 *fill*         0x08000c0e        0x2 
 .text.HAL_Init
                0x08000c10       0x40 ./Drivers/STM32L4xx_HAL_Driver/Src/stm32l4xx_hal.o
                0x08000c10                HAL_Init
 .text.HAL_InitTick
                0x08000c50       0x78 ./Drivers/STM32L4xx_HAL_Driver/Src/stm32l4xx_hal.o
                0x08000c50                HAL_InitTick
 .text.HAL_IncTick
                0x08000cc8       0x28 ./Drivers/STM32L4xx_HAL_Driver/Src/stm32l4xx_hal.o
                0x08000cc8                HAL_IncTick
 .text.HAL_GetTick
                0x08000cf0       0x18 ./Drivers/STM32L4xx_HAL_Driver/Src/stm32l4xx_hal.o
                0x08000cf0                HAL_GetTick
 .text.__NVIC_SetPriorityGrouping
                0x08000d08       0x48 ./Drivers/STM32L4xx_HAL_Driver/Src/stm32l4xx_hal_cortex.o
 .text.__NVIC_GetPriorityGrouping
                0x08000d50       0x1c ./Drivers/STM32L4xx_HAL_Driver/Src/stm32l4xx_hal_cortex.o
 .text.__NVIC_EnableIRQ
                0x08000d6c       0x3c ./Drivers/STM32L4xx_HAL_Driver/Src/stm32l4xx_hal_cortex.o
 .text.__NVIC_SetPriority
                0x08000da8       0x54 ./Drivers/STM32L4xx_HAL_Driver/Src/stm32l4xx_hal_cortex.o
 .text.NVIC_EncodePriority
                0x08000dfc       0x66 ./Drivers/STM32L4xx_HAL_Driver/Src/stm32l4xx_hal_cortex.o
 *fill*         0x08000e62        0x2 
 .text.SysTick_Config
                0x08000e64       0x44 ./Drivers/STM32L4xx_HAL_Driver/Src/stm32l4xx_hal_cortex.o
 .text.HAL_NVIC_SetPriorityGrouping
                0x08000ea8       0x16 ./Drivers/STM32L4xx_HAL_Driver/Src/stm32l4xx_hal_cortex.o
                0x08000ea8                HAL_NVIC_SetPriorityGrouping
 .text.HAL_NVIC_SetPriority
                0x08000ebe       0x38 ./Drivers/STM32L4xx_HAL_Driver/Src/stm32l4xx_hal_cortex.o
                0x08000ebe                HAL_NVIC_SetPriority
 .text.HAL_NVIC_EnableIRQ
                0x08000ef6       0x1c ./Drivers/STM32L4xx_HAL_Driver/Src/stm32l4xx_hal_cortex.o
                0x08000ef6                HAL_NVIC_EnableIRQ
 .text.HAL_SYSTICK_Config
                0x08000f12       0x18 ./Drivers/STM32L4xx_HAL_Driver/Src/stm32l4xx_hal_cortex.o
                0x08000f12                HAL_SYSTICK_Config
 .text.HAL_DMA_Abort
                0x08000f2a       0x7c ./Drivers/STM32L4xx_HAL_Driver/Src/stm32l4xx_hal_dma.o
                0x08000f2a                HAL_DMA_Abort
 .text.HAL_DMA_Abort_IT
                0x08000fa6       0x82 ./Drivers/STM32L4xx_HAL_Driver/Src/stm32l4xx_hal_dma.o
                0x08000fa6                HAL_DMA_Abort_IT
 .text.HAL_GPIO_Init
                0x08001028      0x354 ./Drivers/STM32L4xx_HAL_Driver/Src/stm32l4xx_hal_gpio.o
                0x08001028                HAL_GPIO_Init
 .text.HAL_GPIO_WritePin
                0x0800137c       0x30 ./Drivers/STM32L4xx_HAL_Driver/Src/stm32l4xx_hal_gpio.o
                0x0800137c                HAL_GPIO_WritePin
 .text.HAL_GPIO_TogglePin
                0x080013ac       0x34 ./Drivers/STM32L4xx_HAL_Driver/Src/stm32l4xx_hal_gpio.o
                0x080013ac                HAL_GPIO_TogglePin
 .text.HAL_PWREx_GetVoltageRange
                0x080013e0       0x1c ./Drivers/STM32L4xx_HAL_Driver/Src/stm32l4xx_hal_pwr_ex.o
                0x080013e0                HAL_PWREx_GetVoltageRange
 .text.HAL_PWREx_ControlVoltageScaling
                0x080013fc       0xac ./Drivers/STM32L4xx_HAL_Driver/Src/stm32l4xx_hal_pwr_ex.o
                0x080013fc                HAL_PWREx_ControlVoltageScaling
 .text.HAL_RCC_OscConfig
                0x080014a8      0x7b8 ./Drivers/STM32L4xx_HAL_Driver/Src/stm32l4xx_hal_rcc.o
                0x080014a8                HAL_RCC_OscConfig
 .text.HAL_RCC_ClockConfig
                0x08001c60      0x200 ./Drivers/STM32L4xx_HAL_Driver/Src/stm32l4xx_hal_rcc.o
                0x08001c60                HAL_RCC_ClockConfig
 .text.HAL_RCC_GetSysClockFreq
                0x08001e60      0x118 ./Drivers/STM32L4xx_HAL_Driver/Src/stm32l4xx_hal_rcc.o
                0x08001e60                HAL_RCC_GetSysClockFreq
 .text.HAL_RCC_GetHCLKFreq
                0x08001f78       0x18 ./Drivers/STM32L4xx_HAL_Driver/Src/stm32l4xx_hal_rcc.o
                0x08001f78                HAL_RCC_GetHCLKFreq
 .text.HAL_RCC_GetPCLK1Freq
                0x08001f90       0x2c ./Drivers/STM32L4xx_HAL_Driver/Src/stm32l4xx_hal_rcc.o
                0x08001f90                HAL_RCC_GetPCLK1Freq
 .text.HAL_RCC_GetPCLK2Freq
                0x08001fbc       0x2c ./Drivers/STM32L4xx_HAL_Driver/Src/stm32l4xx_hal_rcc.o
                0x08001fbc                HAL_RCC_GetPCLK2Freq
 .text.RCC_SetFlashLatencyFromMSIRange
                0x08001fe8       0xc0 ./Drivers/STM32L4xx_HAL_Driver/Src/stm32l4xx_hal_rcc.o
 .text.HAL_RCCEx_PeriphCLKConfig
                0x080020a8      0x5d4 ./Drivers/STM32L4xx_HAL_Driver/Src/stm32l4xx_hal_rcc_ex.o
                0x080020a8                HAL_RCCEx_PeriphCLKConfig
 .text.RCCEx_PLLSAI1_Config
                0x0800267c      0x1e8 ./Drivers/STM32L4xx_HAL_Driver/Src/stm32l4xx_hal_rcc_ex.o
 .text.RCCEx_PLLSAI2_Config
                0x08002864      0x1bc ./Drivers/STM32L4xx_HAL_Driver/Src/stm32l4xx_hal_rcc_ex.o
 .text.HAL_UART_Init
                0x08002a20       0x9c ./Drivers/STM32L4xx_HAL_Driver/Src/stm32l4xx_hal_uart.o
                0x08002a20                HAL_UART_Init
 .text.HAL_UART_Transmit
                0x08002abc      0x112 ./Drivers/STM32L4xx_HAL_Driver/Src/stm32l4xx_hal_uart.o
                0x08002abc                HAL_UART_Transmit
 *fill*         0x08002bce        0x2 
 .text.HAL_UART_Receive_IT
                0x08002bd0       0x98 ./Drivers/STM32L4xx_HAL_Driver/Src/stm32l4xx_hal_uart.o
                0x08002bd0                HAL_UART_Receive_IT
 .text.HAL_UART_IRQHandler
                0x08002c68      0x60c ./Drivers/STM32L4xx_HAL_Driver/Src/stm32l4xx_hal_uart.o
                0x08002c68                HAL_UART_IRQHandler
 .text.HAL_UART_TxCpltCallback
                0x08003274       0x14 ./Drivers/STM32L4xx_HAL_Driver/Src/stm32l4xx_hal_uart.o
                0x08003274                HAL_UART_TxCpltCallback
 .text.HAL_UART_RxCpltCallback
                0x08003288       0x14 ./Drivers/STM32L4xx_HAL_Driver/Src/stm32l4xx_hal_uart.o
                0x08003288                HAL_UART_RxCpltCallback
 .text.HAL_UART_ErrorCallback
                0x0800329c       0x14 ./Drivers/STM32L4xx_HAL_Driver/Src/stm32l4xx_hal_uart.o
                0x0800329c                HAL_UART_ErrorCallback
 .text.HAL_UARTEx_RxEventCallback
                0x080032b0       0x18 ./Drivers/STM32L4xx_HAL_Driver/Src/stm32l4xx_hal_uart.o
                0x080032b0                HAL_UARTEx_RxEventCallback
 .text.UART_SetConfig
                0x080032c8      0x570 ./Drivers/STM32L4xx_HAL_Driver/Src/stm32l4xx_hal_uart.o
                0x080032c8                UART_SetConfig
 .text.UART_AdvFeatureConfig
                0x08003838      0x144 ./Drivers/STM32L4xx_HAL_Driver/Src/stm32l4xx_hal_uart.o
                0x08003838                UART_AdvFeatureConfig
 .text.UART_CheckIdleState
                0x0800397c      0x150 ./Drivers/STM32L4xx_HAL_Driver/Src/stm32l4xx_hal_uart.o
                0x0800397c                UART_CheckIdleState
 .text.UART_WaitOnFlagUntilTimeout
                0x08003acc       0xda ./Drivers/STM32L4xx_HAL_Driver/Src/stm32l4xx_hal_uart.o
                0x08003acc                UART_WaitOnFlagUntilTimeout
 *fill*         0x08003ba6        0x2 
 .text.UART_Start_Receive_IT
                0x08003ba8      0x18c ./Drivers/STM32L4xx_HAL_Driver/Src/stm32l4xx_hal_uart.o
                0x08003ba8                UART_Start_Receive_IT
 .text.UART_EndRxTransfer
                0x08003d34       0xc8 ./Drivers/STM32L4xx_HAL_Driver/Src/stm32l4xx_hal_uart.o
 .text.UART_DMAAbortOnError
                0x08003dfc       0x2c ./Drivers/STM32L4xx_HAL_Driver/Src/stm32l4xx_hal_uart.o
 .text.UART_EndTransmit_IT
                0x08003e28       0x54 ./Drivers/STM32L4xx_HAL_Driver/Src/stm32l4xx_hal_uart.o
 .text.UART_RxISR_8BIT
                0x08003e7c      0x1bc ./Drivers/STM32L4xx_HAL_Driver/Src/stm32l4xx_hal_uart.o
 .text.UART_RxISR_16BIT
                0x08004038      0x1bc ./Drivers/STM32L4xx_HAL_Driver/Src/stm32l4xx_hal_uart.o
 .text.HAL_UARTEx_WakeupCallback
                0x080041f4       0x14 ./Drivers/STM32L4xx_HAL_Driver/Src/stm32l4xx_hal_uart_ex.o
                0x080041f4                HAL_UARTEx_WakeupCallback
 .text.__NVIC_SetPriority
                0x08004208       0x54 ./Middlewares/Third_Party/FreeRTOS/Source/CMSIS_RTOS_V2/cmsis_os2.o
 .text.SVC_Setup
                0x0800425c       0x12 ./Middlewares/Third_Party/FreeRTOS/Source/CMSIS_RTOS_V2/cmsis_os2.o
 *fill*         0x0800426e        0x2 
 .text.osKernelInitialize
                0x08004270       0x48 ./Middlewares/Third_Party/FreeRTOS/Source/CMSIS_RTOS_V2/cmsis_os2.o
                0x08004270                osKernelInitialize
 .text.osKernelStart
                0x080042b8       0x4c ./Middlewares/Third_Party/FreeRTOS/Source/CMSIS_RTOS_V2/cmsis_os2.o
                0x080042b8                osKernelStart
 .text.osThreadNew
                0x08004304      0x124 ./Middlewares/Third_Party/FreeRTOS/Source/CMSIS_RTOS_V2/cmsis_os2.o
                0x08004304                osThreadNew
 .text.osDelay  0x08004428       0x36 ./Middlewares/Third_Party/FreeRTOS/Source/CMSIS_RTOS_V2/cmsis_os2.o
                0x08004428                osDelay
 *fill*         0x0800445e        0x2 
 .text.vApplicationGetIdleTaskMemory
                0x08004460       0x34 ./Middlewares/Third_Party/FreeRTOS/Source/CMSIS_RTOS_V2/cmsis_os2.o
                0x08004460                vApplicationGetIdleTaskMemory
 .text.vApplicationGetTimerTaskMemory
                0x08004494       0x34 ./Middlewares/Third_Party/FreeRTOS/Source/CMSIS_RTOS_V2/cmsis_os2.o
                0x08004494                vApplicationGetTimerTaskMemory
 .text.vListInitialise
                0x080044c8       0x40 ./Middlewares/Third_Party/FreeRTOS/Source/list.o
                0x080044c8                vListInitialise
 .text.vListInitialiseItem
                0x08004508       0x1a ./Middlewares/Third_Party/FreeRTOS/Source/list.o
                0x08004508                vListInitialiseItem
 .text.vListInsertEnd
                0x08004522       0x48 ./Middlewares/Third_Party/FreeRTOS/Source/list.o
                0x08004522                vListInsertEnd
 .text.vListInsert
                0x0800456a       0x72 ./Middlewares/Third_Party/FreeRTOS/Source/list.o
                0x0800456a                vListInsert
 .text.uxListRemove
                0x080045dc       0x54 ./Middlewares/Third_Party/FreeRTOS/Source/list.o
                0x080045dc                uxListRemove
 .text.xQueueGenericReset
                0x08004630       0xd4 ./Middlewares/Third_Party/FreeRTOS/Source/queue.o
                0x08004630                xQueueGenericReset
 .text.xQueueGenericCreateStatic
                0x08004704       0xfa ./Middlewares/Third_Party/FreeRTOS/Source/queue.o
                0x08004704                xQueueGenericCreateStatic
 .text.xQueueGenericCreate
                0x080047fe       0x76 ./Middlewares/Third_Party/FreeRTOS/Source/queue.o
                0x080047fe                xQueueGenericCreate
 .text.prvInitialiseNewQueue
                0x08004874       0x46 ./Middlewares/Third_Party/FreeRTOS/Source/queue.o
 *fill*         0x080048ba        0x2 
 .text.xQueueGenericSend
                0x080048bc      0x204 ./Middlewares/Third_Party/FreeRTOS/Source/queue.o
                0x080048bc                xQueueGenericSend
 .text.xQueueGenericSendFromISR
                0x08004ac0      0x13c ./Middlewares/Third_Party/FreeRTOS/Source/queue.o
                0x08004ac0                xQueueGenericSendFromISR
 .text.xQueueReceive
                0x08004bfc      0x1c4 ./Middlewares/Third_Party/FreeRTOS/Source/queue.o
                0x08004bfc                xQueueReceive
 .text.prvCopyDataToQueue
                0x08004dc0       0xd4 ./Middlewares/Third_Party/FreeRTOS/Source/queue.o
 .text.prvCopyDataFromQueue
                0x08004e94       0x4c ./Middlewares/Third_Party/FreeRTOS/Source/queue.o
 .text.prvUnlockQueue
                0x08004ee0       0xa4 ./Middlewares/Third_Party/FreeRTOS/Source/queue.o
 .text.prvIsQueueEmpty
                0x08004f84       0x2c ./Middlewares/Third_Party/FreeRTOS/Source/queue.o
 .text.prvIsQueueFull
                0x08004fb0       0x30 ./Middlewares/Third_Party/FreeRTOS/Source/queue.o
 .text.vQueueAddToRegistry
                0x08004fe0       0x54 ./Middlewares/Third_Party/FreeRTOS/Source/queue.o
                0x08004fe0                vQueueAddToRegistry
 .text.vQueueWaitForMessageRestricted
                0x08005034       0x68 ./Middlewares/Third_Party/FreeRTOS/Source/queue.o
                0x08005034                vQueueWaitForMessageRestricted
 .text.xTaskCreateStatic
                0x0800509c       0xc0 ./Middlewares/Third_Party/FreeRTOS/Source/tasks.o
                0x0800509c                xTaskCreateStatic
 .text.xTaskCreate
                0x0800515c       0x8a ./Middlewares/Third_Party/FreeRTOS/Source/tasks.o
                0x0800515c                xTaskCreate
 .text.prvInitialiseNewTask
                0x080051e6      0x120 ./Middlewares/Third_Party/FreeRTOS/Source/tasks.o
 *fill*         0x08005306        0x2 
 .text.prvAddNewTaskToReadyList
                0x08005308       0xe0 ./Middlewares/Third_Party/FreeRTOS/Source/tasks.o
 .text.vTaskDelay
                0x080053e8       0x6c ./Middlewares/Third_Party/FreeRTOS/Source/tasks.o
                0x080053e8                vTaskDelay
 .text.vTaskStartScheduler
                0x08005454       0xd0 ./Middlewares/Third_Party/FreeRTOS/Source/tasks.o
                0x08005454                vTaskStartScheduler
 .text.vTaskSuspendAll
                0x08005524       0x1c ./Middlewares/Third_Party/FreeRTOS/Source/tasks.o
                0x08005524                vTaskSuspendAll
 .text.xTaskResumeAll
                0x08005540      0x13c ./Middlewares/Third_Party/FreeRTOS/Source/tasks.o
                0x08005540                xTaskResumeAll
 .text.xTaskGetTickCount
                0x0800567c       0x20 ./Middlewares/Third_Party/FreeRTOS/Source/tasks.o
                0x0800567c                xTaskGetTickCount
 .text.xTaskIncrementTick
                0x0800569c      0x174 ./Middlewares/Third_Party/FreeRTOS/Source/tasks.o
                0x0800569c                xTaskIncrementTick
 .text.vTaskSwitchContext
                0x08005810       0xbc ./Middlewares/Third_Party/FreeRTOS/Source/tasks.o
                0x08005810                vTaskSwitchContext
 .text.vTaskPlaceOnEventList
                0x080058cc       0x4c ./Middlewares/Third_Party/FreeRTOS/Source/tasks.o
                0x080058cc                vTaskPlaceOnEventList
 .text.vTaskPlaceOnEventListRestricted
                0x08005918       0x58 ./Middlewares/Third_Party/FreeRTOS/Source/tasks.o
                0x08005918                vTaskPlaceOnEventListRestricted
 .text.xTaskRemoveFromEventList
                0x08005970       0xc8 ./Middlewares/Third_Party/FreeRTOS/Source/tasks.o
                0x08005970                xTaskRemoveFromEventList
 .text.vTaskInternalSetTimeOutState
                0x08005a38       0x2c ./Middlewares/Third_Party/FreeRTOS/Source/tasks.o
                0x08005a38                vTaskInternalSetTimeOutState
 .text.xTaskCheckForTimeOut
                0x08005a64       0xc8 ./Middlewares/Third_Party/FreeRTOS/Source/tasks.o
                0x08005a64                xTaskCheckForTimeOut
 .text.vTaskMissedYield
                0x08005b2c       0x18 ./Middlewares/Third_Party/FreeRTOS/Source/tasks.o
                0x08005b2c                vTaskMissedYield
 .text.prvIdleTask
                0x08005b44       0x30 ./Middlewares/Third_Party/FreeRTOS/Source/tasks.o
 .text.prvInitialiseTaskLists
                0x08005b74       0x80 ./Middlewares/Third_Party/FreeRTOS/Source/tasks.o
 .text.prvCheckTasksWaitingTermination
                0x08005bf4       0x5c ./Middlewares/Third_Party/FreeRTOS/Source/tasks.o
 .text.prvDeleteTCB
                0x08005c50       0x60 ./Middlewares/Third_Party/FreeRTOS/Source/tasks.o
 .text.prvResetNextTaskUnblockTime
                0x08005cb0       0x40 ./Middlewares/Third_Party/FreeRTOS/Source/tasks.o
 .text.xTaskGetSchedulerState
                0x08005cf0       0x3c ./Middlewares/Third_Party/FreeRTOS/Source/tasks.o
                0x08005cf0                xTaskGetSchedulerState
 .text.xTaskPriorityDisinherit
                0x08005d2c       0xe0 ./Middlewares/Third_Party/FreeRTOS/Source/tasks.o
                0x08005d2c                xTaskPriorityDisinherit
 .text.prvAddCurrentTaskToDelayedList
                0x08005e0c       0xa8 ./Middlewares/Third_Party/FreeRTOS/Source/tasks.o
 .text.xTimerCreateTimerTask
                0x08005eb4       0x94 ./Middlewares/Third_Party/FreeRTOS/Source/timers.o
                0x08005eb4                xTimerCreateTimerTask
 .text.xTimerGenericCommand
                0x08005f48       0x9c ./Middlewares/Third_Party/FreeRTOS/Source/timers.o
                0x08005f48                xTimerGenericCommand
 .text.prvProcessExpiredTimer
                0x08005fe4       0x9c ./Middlewares/Third_Party/FreeRTOS/Source/timers.o
 .text.prvTimerTask
                0x08006080       0x26 ./Middlewares/Third_Party/FreeRTOS/Source/timers.o
 *fill*         0x080060a6        0x2 
 .text.prvProcessTimerOrBlockTask
                0x080060a8       0x9c ./Middlewares/Third_Party/FreeRTOS/Source/timers.o
 .text.prvGetNextExpireTime
                0x08006144       0x48 ./Middlewares/Third_Party/FreeRTOS/Source/timers.o
 .text.prvSampleTimeNow
                0x0800618c       0x40 ./Middlewares/Third_Party/FreeRTOS/Source/timers.o
 .text.prvInsertTimerInActiveList
                0x080061cc       0x84 ./Middlewares/Third_Party/FreeRTOS/Source/timers.o
 .text.prvProcessReceivedCommands
                0x08006250      0x1cc ./Middlewares/Third_Party/FreeRTOS/Source/timers.o
 .text.prvSwitchTimerLists
                0x0800641c       0xcc ./Middlewares/Third_Party/FreeRTOS/Source/timers.o
 .text.prvCheckForValidListAndQueue
                0x080064e8       0x80 ./Middlewares/Third_Party/FreeRTOS/Source/timers.o
 .text.pxPortInitialiseStack
                0x08006568       0x68 ./Middlewares/Third_Party/FreeRTOS/Source/portable/GCC/ARM_CM4F/port.o
                0x08006568                pxPortInitialiseStack
 .text.prvTaskExitError
                0x080065d0       0x5c ./Middlewares/Third_Party/FreeRTOS/Source/portable/GCC/ARM_CM4F/port.o
 *fill*         0x0800662c        0x4 
 .text.SVC_Handler
                0x08006630       0x28 ./Middlewares/Third_Party/FreeRTOS/Source/portable/GCC/ARM_CM4F/port.o
                0x08006630                SVC_Handler
 .text.prvPortStartFirstTask
                0x08006658       0x28 ./Middlewares/Third_Party/FreeRTOS/Source/portable/GCC/ARM_CM4F/port.o
 .text.xPortStartScheduler
                0x08006680      0x148 ./Middlewares/Third_Party/FreeRTOS/Source/portable/GCC/ARM_CM4F/port.o
                0x08006680                xPortStartScheduler
 .text.vPortEnterCritical
                0x080067c8       0x64 ./Middlewares/Third_Party/FreeRTOS/Source/portable/GCC/ARM_CM4F/port.o
                0x080067c8                vPortEnterCritical
 .text.vPortExitCritical
                0x0800682c       0x54 ./Middlewares/Third_Party/FreeRTOS/Source/portable/GCC/ARM_CM4F/port.o
                0x0800682c                vPortExitCritical
 .text.PendSV_Handler
                0x08006880       0x68 ./Middlewares/Third_Party/FreeRTOS/Source/portable/GCC/ARM_CM4F/port.o
                0x08006880                PendSV_Handler
 .text.xPortSysTickHandler
                0x080068e8       0x44 ./Middlewares/Third_Party/FreeRTOS/Source/portable/GCC/ARM_CM4F/port.o
                0x080068e8                xPortSysTickHandler
 .text.vPortSetupTimerInterrupt
                0x0800692c       0x48 ./Middlewares/Third_Party/FreeRTOS/Source/portable/GCC/ARM_CM4F/port.o
                0x0800692c                vPortSetupTimerInterrupt
 .text.vPortEnableVFP
                0x08006974       0x14 ./Middlewares/Third_Party/FreeRTOS/Source/portable/GCC/ARM_CM4F/port.o
 .text.vPortValidateInterruptPriority
                0x08006988       0x84 ./Middlewares/Third_Party/FreeRTOS/Source/portable/GCC/ARM_CM4F/port.o
                0x08006988                vPortValidateInterruptPriority
 .text.pvPortMalloc
                0x08006a0c      0x19c ./Middlewares/Third_Party/FreeRTOS/Source/portable/MemMang/heap_4.o
                0x08006a0c                pvPortMalloc
 .text.vPortFree
                0x08006ba8       0xc8 ./Middlewares/Third_Party/FreeRTOS/Source/portable/MemMang/heap_4.o
                0x08006ba8                vPortFree
 .text.prvHeapInit
                0x08006c70       0xc4 ./Middlewares/Third_Party/FreeRTOS/Source/portable/MemMang/heap_4.o
 .text.prvInsertBlockIntoFreeList
                0x08006d34       0xb4 ./Middlewares/Third_Party/FreeRTOS/Source/portable/MemMang/heap_4.o
 .text.snprintf
                0x08006de8       0x68 C:/ST/STM32CubeIDE_1.16.0/STM32CubeIDE/plugins/com.st.stm32cube.ide.mcu.externaltools.gnu-tools-for-stm32.12.3.rel1.win32_1.0.200.202406191623/tools/bin/../lib/gcc/arm-none-eabi/12.3.1/../../../../arm-none-eabi/lib/thumb/v7e-m+fp/hard\libc_nano.a(libc_a-snprintf.o)
                0x08006de8                sniprintf
                0x08006de8                snprintf
 .text.memset   0x08006e50       0x10 C:/ST/STM32CubeIDE_1.16.0/STM32CubeIDE/plugins/com.st.stm32cube.ide.mcu.externaltools.gnu-tools-for-stm32.12.3.rel1.win32_1.0.200.202406191623/tools/bin/../lib/gcc/arm-none-eabi/12.3.1/../../../../arm-none-eabi/lib/thumb/v7e-m+fp/hard\libc_nano.a(libc_a-memset.o)
                0x08006e50                memset
 .text.strncmp  0x08006e60       0x24 C:/ST/STM32CubeIDE_1.16.0/STM32CubeIDE/plugins/com.st.stm32cube.ide.mcu.externaltools.gnu-tools-for-stm32.12.3.rel1.win32_1.0.200.202406191623/tools/bin/../lib/gcc/arm-none-eabi/12.3.1/../../../../arm-none-eabi/lib/thumb/v7e-m+fp/hard\libc_nano.a(libc_a-strncmp.o)
                0x08006e60                strncmp
 .text.__errno  0x08006e84        0xc C:/ST/STM32CubeIDE_1.16.0/STM32CubeIDE/plugins/com.st.stm32cube.ide.mcu.externaltools.gnu-tools-for-stm32.12.3.rel1.win32_1.0.200.202406191623/tools/bin/../lib/gcc/arm-none-eabi/12.3.1/../../../../arm-none-eabi/lib/thumb/v7e-m+fp/hard\libc_nano.a(libc_a-errno.o)
                0x08006e84                __errno
 .text.__libc_init_array
                0x08006e90       0x48 C:/ST/STM32CubeIDE_1.16.0/STM32CubeIDE/plugins/com.st.stm32cube.ide.mcu.externaltools.gnu-tools-for-stm32.12.3.rel1.win32_1.0.200.202406191623/tools/bin/../lib/gcc/arm-none-eabi/12.3.1/../../../../arm-none-eabi/lib/thumb/v7e-m+fp/hard\libc_nano.a(libc_a-init.o)
                0x08006e90                __libc_init_array
 .text.__retarget_lock_acquire_recursive
                0x08006ed8        0x2 C:/ST/STM32CubeIDE_1.16.0/STM32CubeIDE/plugins/com.st.stm32cube.ide.mcu.externaltools.gnu-tools-for-stm32.12.3.rel1.win32_1.0.200.202406191623/tools/bin/../lib/gcc/arm-none-eabi/12.3.1/../../../../arm-none-eabi/lib/thumb/v7e-m+fp/hard\libc_nano.a(libc_a-lock.o)
                0x08006ed8                __retarget_lock_acquire_recursive
 .text.__retarget_lock_release_recursive
                0x08006eda        0x2 C:/ST/STM32CubeIDE_1.16.0/STM32CubeIDE/plugins/com.st.stm32cube.ide.mcu.externaltools.gnu-tools-for-stm32.12.3.rel1.win32_1.0.200.202406191623/tools/bin/../lib/gcc/arm-none-eabi/12.3.1/../../../../arm-none-eabi/lib/thumb/v7e-m+fp/hard\libc_nano.a(libc_a-lock.o)
                0x08006eda                __retarget_lock_release_recursive
 .text.memcpy   0x08006edc       0x1c C:/ST/STM32CubeIDE_1.16.0/STM32CubeIDE/plugins/com.st.stm32cube.ide.mcu.externaltools.gnu-tools-for-stm32.12.3.rel1.win32_1.0.200.202406191623/tools/bin/../lib/gcc/arm-none-eabi/12.3.1/../../../../arm-none-eabi/lib/thumb/v7e-m+fp/hard\libc_nano.a(libc_a-memcpy-stub.o)
                0x08006edc                memcpy
 .text._free_r  0x08006ef8       0x94 C:/ST/STM32CubeIDE_1.16.0/STM32CubeIDE/plugins/com.st.stm32cube.ide.mcu.externaltools.gnu-tools-for-stm32.12.3.rel1.win32_1.0.200.202406191623/tools/bin/../lib/gcc/arm-none-eabi/12.3.1/../../../../arm-none-eabi/lib/thumb/v7e-m+fp/hard\libc_nano.a(libc_a-freer.o)
                0x08006ef8                _free_r
 .text.sbrk_aligned
                0x08006f8c       0x44 C:/ST/STM32CubeIDE_1.16.0/STM32CubeIDE/plugins/com.st.stm32cube.ide.mcu.externaltools.gnu-tools-for-stm32.12.3.rel1.win32_1.0.200.202406191623/tools/bin/../lib/gcc/arm-none-eabi/12.3.1/../../../../arm-none-eabi/lib/thumb/v7e-m+fp/hard\libc_nano.a(libc_a-mallocr.o)
 .text._malloc_r
                0x08006fd0      0x100 C:/ST/STM32CubeIDE_1.16.0/STM32CubeIDE/plugins/com.st.stm32cube.ide.mcu.externaltools.gnu-tools-for-stm32.12.3.rel1.win32_1.0.200.202406191623/tools/bin/../lib/gcc/arm-none-eabi/12.3.1/../../../../arm-none-eabi/lib/thumb/v7e-m+fp/hard\libc_nano.a(libc_a-mallocr.o)
                0x08006fd0                _malloc_r
 .text.__malloc_lock
                0x080070d0        0xc C:/ST/STM32CubeIDE_1.16.0/STM32CubeIDE/plugins/com.st.stm32cube.ide.mcu.externaltools.gnu-tools-for-stm32.12.3.rel1.win32_1.0.200.202406191623/tools/bin/../lib/gcc/arm-none-eabi/12.3.1/../../../../arm-none-eabi/lib/thumb/v7e-m+fp/hard\libc_nano.a(libc_a-mlock.o)
                0x080070d0                __malloc_lock
 .text.__malloc_unlock
                0x080070dc        0xc C:/ST/STM32CubeIDE_1.16.0/STM32CubeIDE/plugins/com.st.stm32cube.ide.mcu.externaltools.gnu-tools-for-stm32.12.3.rel1.win32_1.0.200.202406191623/tools/bin/../lib/gcc/arm-none-eabi/12.3.1/../../../../arm-none-eabi/lib/thumb/v7e-m+fp/hard\libc_nano.a(libc_a-mlock.o)
                0x080070dc                __malloc_unlock
 .text.__ssputs_r
                0x080070e8       0xb6 C:/ST/STM32CubeIDE_1.16.0/STM32CubeIDE/plugins/com.st.stm32cube.ide.mcu.externaltools.gnu-tools-for-stm32.12.3.rel1.win32_1.0.200.202406191623/tools/bin/../lib/gcc/arm-none-eabi/12.3.1/../../../../arm-none-eabi/lib/thumb/v7e-m+fp/hard\libc_nano.a(libc_a-nano-svfprintf.o)
                0x080070e8                __ssputs_r
 *fill*         0x0800719e        0x2 
 .text._svfprintf_r
                0x080071a0      0x1f8 C:/ST/STM32CubeIDE_1.16.0/STM32CubeIDE/plugins/com.st.stm32cube.ide.mcu.externaltools.gnu-tools-for-stm32.12.3.rel1.win32_1.0.200.202406191623/tools/bin/../lib/gcc/arm-none-eabi/12.3.1/../../../../arm-none-eabi/lib/thumb/v7e-m+fp/hard\libc_nano.a(libc_a-nano-svfprintf.o)
                0x080071a0                _svfiprintf_r
                0x080071a0                _svfprintf_r
 .text._printf_common
                0x08007398       0xda C:/ST/STM32CubeIDE_1.16.0/STM32CubeIDE/plugins/com.st.stm32cube.ide.mcu.externaltools.gnu-tools-for-stm32.12.3.rel1.win32_1.0.200.202406191623/tools/bin/../lib/gcc/arm-none-eabi/12.3.1/../../../../arm-none-eabi/lib/thumb/v7e-m+fp/hard\libc_nano.a(libc_a-nano-vfprintf_i.o)
                0x08007398                _printf_common
 *fill*         0x08007472        0x2 
 .text._printf_i
                0x08007474      0x240 C:/ST/STM32CubeIDE_1.16.0/STM32CubeIDE/plugins/com.st.stm32cube.ide.mcu.externaltools.gnu-tools-for-stm32.12.3.rel1.win32_1.0.200.202406191623/tools/bin/../lib/gcc/arm-none-eabi/12.3.1/../../../../arm-none-eabi/lib/thumb/v7e-m+fp/hard\libc_nano.a(libc_a-nano-vfprintf_i.o)
                0x08007474                _printf_i
 .text.memmove  0x080076b4       0x34 C:/ST/STM32CubeIDE_1.16.0/STM32CubeIDE/plugins/com.st.stm32cube.ide.mcu.externaltools.gnu-tools-for-stm32.12.3.rel1.win32_1.0.200.202406191623/tools/bin/../lib/gcc/arm-none-eabi/12.3.1/../../../../arm-none-eabi/lib/thumb/v7e-m+fp/hard\libc_nano.a(libc_a-memmove.o)
                0x080076b4                memmove
 .text._sbrk_r  0x080076e8       0x20 C:/ST/STM32CubeIDE_1.16.0/STM32CubeIDE/plugins/com.st.stm32cube.ide.mcu.externaltools.gnu-tools-for-stm32.12.3.rel1.win32_1.0.200.202406191623/tools/bin/../lib/gcc/arm-none-eabi/12.3.1/../../../../arm-none-eabi/lib/thumb/v7e-m+fp/hard\libc_nano.a(libc_a-sbrkr.o)
                0x080076e8                _sbrk_r
 .text._realloc_r
                0x08007708       0x5c C:/ST/STM32CubeIDE_1.16.0/STM32CubeIDE/plugins/com.st.stm32cube.ide.mcu.externaltools.gnu-tools-for-stm32.12.3.rel1.win32_1.0.200.202406191623/tools/bin/../lib/gcc/arm-none-eabi/12.3.1/../../../../arm-none-eabi/lib/thumb/v7e-m+fp/hard\libc_nano.a(libc_a-reallocr.o)
                0x08007708                _realloc_r
 .text._malloc_usable_size_r
                0x08007764       0x10 C:/ST/STM32CubeIDE_1.16.0/STM32CubeIDE/plugins/com.st.stm32cube.ide.mcu.externaltools.gnu-tools-for-stm32.12.3.rel1.win32_1.0.200.202406191623/tools/bin/../lib/gcc/arm-none-eabi/12.3.1/../../../../arm-none-eabi/lib/thumb/v7e-m+fp/hard\libc_nano.a(libc_a-msizer.o)
                0x08007764                _malloc_usable_size_r
 *(.glue_7)
 .glue_7        0x08007774        0x0 linker stubs
 *(.glue_7t)
 .glue_7t       0x08007774        0x0 linker stubs
 *(.eh_frame)
 .eh_frame      0x08007774        0x0 C:/ST/STM32CubeIDE_1.16.0/STM32CubeIDE/plugins/com.st.stm32cube.ide.mcu.externaltools.gnu-tools-for-stm32.12.3.rel1.win32_1.0.200.202406191623/tools/bin/../lib/gcc/arm-none-eabi/12.3.1/thumb/v7e-m+fp/hard/crtbegin.o
 *(.init)
 .init          0x08007774        0x4 C:/ST/STM32CubeIDE_1.16.0/STM32CubeIDE/plugins/com.st.stm32cube.ide.mcu.externaltools.gnu-tools-for-stm32.12.3.rel1.win32_1.0.200.202406191623/tools/bin/../lib/gcc/arm-none-eabi/12.3.1/thumb/v7e-m+fp/hard/crti.o
                0x08007774                _init
 .init          0x08007778        0x8 C:/ST/STM32CubeIDE_1.16.0/STM32CubeIDE/plugins/com.st.stm32cube.ide.mcu.externaltools.gnu-tools-for-stm32.12.3.rel1.win32_1.0.200.202406191623/tools/bin/../lib/gcc/arm-none-eabi/12.3.1/thumb/v7e-m+fp/hard/crtn.o
 *(.fini)
 .fini          0x08007780        0x4 C:/ST/STM32CubeIDE_1.16.0/STM32CubeIDE/plugins/com.st.stm32cube.ide.mcu.externaltools.gnu-tools-for-stm32.12.3.rel1.win32_1.0.200.202406191623/tools/bin/../lib/gcc/arm-none-eabi/12.3.1/thumb/v7e-m+fp/hard/crti.o
                0x08007780                _fini
 .fini          0x08007784        0x8 C:/ST/STM32CubeIDE_1.16.0/STM32CubeIDE/plugins/com.st.stm32cube.ide.mcu.externaltools.gnu-tools-for-stm32.12.3.rel1.win32_1.0.200.202406191623/tools/bin/../lib/gcc/arm-none-eabi/12.3.1/thumb/v7e-m+fp/hard/crtn.o
                0x0800778c                        . = ALIGN (0x4)
                0x0800778c                        _etext = .

.vfp11_veneer   0x0800778c        0x0
 .vfp11_veneer  0x0800778c        0x0 linker stubs

.v4_bx          0x0800778c        0x0
 .v4_bx         0x0800778c        0x0 linker stubs

.iplt           0x0800778c        0x0
 .iplt          0x0800778c        0x0 C:/ST/STM32CubeIDE_1.16.0/STM32CubeIDE/plugins/com.st.stm32cube.ide.mcu.externaltools.gnu-tools-for-stm32.12.3.rel1.win32_1.0.200.202406191623/tools/bin/../lib/gcc/arm-none-eabi/12.3.1/thumb/v7e-m+fp/hard/crtbegin.o

.rodata         0x0800778c      0x188
                0x0800778c                        . = ALIGN (0x4)
 *(.rodata)
 .rodata        0x0800778c       0x88 ./Core/Src/main.o
 .rodata        0x08007814        0x5 ./Middlewares/Third_Party/FreeRTOS/Source/tasks.o
 *fill*         0x08007819        0x3 
 .rodata        0x0800781c        0xd ./Middlewares/Third_Party/FreeRTOS/Source/timers.o
 *(.rodata*)
 *fill*         0x08007829        0x3 
 .rodata.THREAD_LED_attributes
                0x0800782c       0x24 ./Core/Src/main.o
                0x0800782c                THREAD_LED_attributes
 .rodata.THREAD_UART_attributes
                0x08007850       0x24 ./Core/Src/main.o
                0x08007850                THREAD_UART_attributes
 .rodata.THREAD_SENDER_attributes
                0x08007874       0x24 ./Core/Src/main.o
                0x08007874                THREAD_SENDER_attributes
 .rodata.AHBPrescTable
                0x08007898       0x10 ./Core/Src/system_stm32l4xx.o
                0x08007898                AHBPrescTable
 .rodata.APBPrescTable
                0x080078a8        0x8 ./Core/Src/system_stm32l4xx.o
                0x080078a8                APBPrescTable
 .rodata.MSIRangeTable
                0x080078b0       0x30 ./Core/Src/system_stm32l4xx.o
                0x080078b0                MSIRangeTable
 .rodata._svfprintf_r.str1.1
                0x080078e0       0x11 C:/ST/STM32CubeIDE_1.16.0/STM32CubeIDE/plugins/com.st.stm32cube.ide.mcu.externaltools.gnu-tools-for-stm32.12.3.rel1.win32_1.0.200.202406191623/tools/bin/../lib/gcc/arm-none-eabi/12.3.1/../../../../arm-none-eabi/lib/thumb/v7e-m+fp/hard\libc_nano.a(libc_a-nano-svfprintf.o)
 .rodata._printf_i.str1.1
                0x080078f1       0x22 C:/ST/STM32CubeIDE_1.16.0/STM32CubeIDE/plugins/com.st.stm32cube.ide.mcu.externaltools.gnu-tools-for-stm32.12.3.rel1.win32_1.0.200.202406191623/tools/bin/../lib/gcc/arm-none-eabi/12.3.1/../../../../arm-none-eabi/lib/thumb/v7e-m+fp/hard\libc_nano.a(libc_a-nano-vfprintf_i.o)
                0x08007914                        . = ALIGN (0x4)
 *fill*         0x08007913        0x1 

.ARM.extab      0x08007914        0x0
                0x08007914                        . = ALIGN (0x4)
 *(.ARM.extab* .gnu.linkonce.armextab.*)
                0x08007914                        . = ALIGN (0x4)

.ARM            0x08007914        0x8
                0x08007914                        . = ALIGN (0x4)
                0x08007914                        __exidx_start = .
 *(.ARM.exidx*)
 .ARM.exidx     0x08007914        0x8 C:/ST/STM32CubeIDE_1.16.0/STM32CubeIDE/plugins/com.st.stm32cube.ide.mcu.externaltools.gnu-tools-for-stm32.12.3.rel1.win32_1.0.200.202406191623/tools/bin/../lib/gcc/arm-none-eabi/12.3.1/../../../../arm-none-eabi/lib/thumb/v7e-m+fp/hard\libc_nano.a(libc_a-strlen.o)
 .ARM.exidx     0x0800791c        0x0 C:/ST/STM32CubeIDE_1.16.0/STM32CubeIDE/plugins/com.st.stm32cube.ide.mcu.externaltools.gnu-tools-for-stm32.12.3.rel1.win32_1.0.200.202406191623/tools/bin/../lib/gcc/arm-none-eabi/12.3.1/../../../../arm-none-eabi/lib/thumb/v7e-m+fp/hard\libc_nano.a(libc_a-memchr.o)
                                  0x8 (size before relaxing)
 .ARM.exidx     0x0800791c        0x0 C:/ST/STM32CubeIDE_1.16.0/STM32CubeIDE/plugins/com.st.stm32cube.ide.mcu.externaltools.gnu-tools-for-stm32.12.3.rel1.win32_1.0.200.202406191623/tools/bin/../lib/gcc/arm-none-eabi/12.3.1/thumb/v7e-m+fp/hard\libgcc.a(_udivmoddi4.o)
                                  0x8 (size before relaxing)
                0x0800791c                        __exidx_end = .
                0x0800791c                        . = ALIGN (0x4)

.preinit_array  0x0800791c        0x0
                0x0800791c                        . = ALIGN (0x4)
                0x0800791c                        PROVIDE (__preinit_array_start = .)
 *(.preinit_array*)
                0x0800791c                        PROVIDE (__preinit_array_end = .)
                0x0800791c                        . = ALIGN (0x4)

.init_array     0x0800791c        0x4
                0x0800791c                        . = ALIGN (0x4)
                0x0800791c                        PROVIDE (__init_array_start = .)
 *(SORT_BY_NAME(.init_array.*))
 *(.init_array*)
 .init_array    0x0800791c        0x4 C:/ST/STM32CubeIDE_1.16.0/STM32CubeIDE/plugins/com.st.stm32cube.ide.mcu.externaltools.gnu-tools-for-stm32.12.3.rel1.win32_1.0.200.202406191623/tools/bin/../lib/gcc/arm-none-eabi/12.3.1/thumb/v7e-m+fp/hard/crtbegin.o
                0x08007920                        PROVIDE (__init_array_end = .)
                0x08007920                        . = ALIGN (0x4)

.fini_array     0x08007920        0x4
                0x08007920                        . = ALIGN (0x4)
                [!provide]                        PROVIDE (__fini_array_start = .)
 *(SORT_BY_NAME(.fini_array.*))
 *(.fini_array*)
 .fini_array    0x08007920        0x4 C:/ST/STM32CubeIDE_1.16.0/STM32CubeIDE/plugins/com.st.stm32cube.ide.mcu.externaltools.gnu-tools-for-stm32.12.3.rel1.win32_1.0.200.202406191623/tools/bin/../lib/gcc/arm-none-eabi/12.3.1/thumb/v7e-m+fp/hard/crtbegin.o
                [!provide]                        PROVIDE (__fini_array_end = .)
                0x08007924                        . = ALIGN (0x4)
                0x08007924                        _sidata = LOADADDR (.data)

.rel.dyn        0x08007924        0x0
 .rel.iplt      0x08007924        0x0 C:/ST/STM32CubeIDE_1.16.0/STM32CubeIDE/plugins/com.st.stm32cube.ide.mcu.externaltools.gnu-tools-for-stm32.12.3.rel1.win32_1.0.200.202406191623/tools/bin/../lib/gcc/arm-none-eabi/12.3.1/thumb/v7e-m+fp/hard/crtbegin.o

.data           0x20000000       0x60 load address 0x08007924
                0x20000000                        . = ALIGN (0x4)
                0x20000000                        _sdata = .
 *(.data)
 *(.data*)
 .data.SystemCoreClock
                0x20000000        0x4 ./Core/Src/system_stm32l4xx.o
                0x20000000                SystemCoreClock
 .data.uwTickPrio
                0x20000004        0x4 ./Drivers/STM32L4xx_HAL_Driver/Src/stm32l4xx_hal.o
                0x20000004                uwTickPrio
 .data.uwTickFreq
                0x20000008        0x1 ./Drivers/STM32L4xx_HAL_Driver/Src/stm32l4xx_hal.o
                0x20000008                uwTickFreq
 *fill*         0x20000009        0x3 
 .data.uxCriticalNesting
                0x2000000c        0x4 ./Middlewares/Third_Party/FreeRTOS/Source/portable/GCC/ARM_CM4F/port.o
 .data._impure_ptr
                0x20000010        0x4 C:/ST/STM32CubeIDE_1.16.0/STM32CubeIDE/plugins/com.st.stm32cube.ide.mcu.externaltools.gnu-tools-for-stm32.12.3.rel1.win32_1.0.200.202406191623/tools/bin/../lib/gcc/arm-none-eabi/12.3.1/../../../../arm-none-eabi/lib/thumb/v7e-m+fp/hard\libc_nano.a(libc_a-impure.o)
                0x20000010                _impure_ptr
 .data._impure_data
                0x20000014       0x4c C:/ST/STM32CubeIDE_1.16.0/STM32CubeIDE/plugins/com.st.stm32cube.ide.mcu.externaltools.gnu-tools-for-stm32.12.3.rel1.win32_1.0.200.202406191623/tools/bin/../lib/gcc/arm-none-eabi/12.3.1/../../../../arm-none-eabi/lib/thumb/v7e-m+fp/hard\libc_nano.a(libc_a-impure.o)
                0x20000014                _impure_data
 *(.RamFunc)
 *(.RamFunc*)
                0x20000060                        . = ALIGN (0x4)
                0x20000060                        _edata = .

.igot.plt       0x20000060        0x0 load address 0x08007984
 .igot.plt      0x20000060        0x0 C:/ST/STM32CubeIDE_1.16.0/STM32CubeIDE/plugins/com.st.stm32cube.ide.mcu.externaltools.gnu-tools-for-stm32.12.3.rel1.win32_1.0.200.202406191623/tools/bin/../lib/gcc/arm-none-eabi/12.3.1/thumb/v7e-m+fp/hard/crtbegin.o
                0x20000060                        . = ALIGN (0x4)

.bss            0x20000060     0x1b0c load address 0x08007984
                0x20000060                        _sbss = .
                0x20000060                        __bss_start__ = _sbss
 *(.bss)
 .bss           0x20000060       0x1c C:/ST/STM32CubeIDE_1.16.0/STM32CubeIDE/plugins/com.st.stm32cube.ide.mcu.externaltools.gnu-tools-for-stm32.12.3.rel1.win32_1.0.200.202406191623/tools/bin/../lib/gcc/arm-none-eabi/12.3.1/thumb/v7e-m+fp/hard/crtbegin.o
 *(.bss*)
 .bss.huart2    0x2000007c       0x88 ./Core/Src/main.o
                0x2000007c                huart2
 .bss.uartQueue
                0x20000104        0x4 ./Core/Src/main.o
                0x20000104                uartQueue
 .bss.THREAD_LEDHandle
                0x20000108        0x4 ./Core/Src/main.o
                0x20000108                THREAD_LEDHandle
 .bss.THREAD_UARTHandle
                0x2000010c        0x4 ./Core/Src/main.o
                0x2000010c                THREAD_UARTHandle
 .bss.THREAD_SENDERHandle
                0x20000110        0x4 ./Core/Src/main.o
                0x20000110                THREAD_SENDERHandle
 .bss.__sbrk_heap_end
                0x20000114        0x4 ./Core/Src/sysmem.o
 .bss.uwTick    0x20000118        0x4 ./Drivers/STM32L4xx_HAL_Driver/Src/stm32l4xx_hal.o
                0x20000118                uwTick
 .bss.KernelState
                0x2000011c        0x4 ./Middlewares/Third_Party/FreeRTOS/Source/CMSIS_RTOS_V2/cmsis_os2.o
 .bss.Idle_TCB.3
                0x20000120       0x5c ./Middlewares/Third_Party/FreeRTOS/Source/CMSIS_RTOS_V2/cmsis_os2.o
 .bss.Idle_Stack.2
                0x2000017c      0x200 ./Middlewares/Third_Party/FreeRTOS/Source/CMSIS_RTOS_V2/cmsis_os2.o
 .bss.Timer_TCB.1
                0x2000037c       0x5c ./Middlewares/Third_Party/FreeRTOS/Source/CMSIS_RTOS_V2/cmsis_os2.o
 .bss.Timer_Stack.0
                0x200003d8      0x400 ./Middlewares/Third_Party/FreeRTOS/Source/CMSIS_RTOS_V2/cmsis_os2.o
 .bss.xQueueRegistry
                0x200007d8       0x40 ./Middlewares/Third_Party/FreeRTOS/Source/queue.o
                0x200007d8                xQueueRegistry
 .bss.pxCurrentTCB
                0x20000818        0x4 ./Middlewares/Third_Party/FreeRTOS/Source/tasks.o
                0x20000818                pxCurrentTCB
 .bss.pxReadyTasksLists
                0x2000081c      0x460 ./Middlewares/Third_Party/FreeRTOS/Source/tasks.o
 .bss.xDelayedTaskList1
                0x20000c7c       0x14 ./Middlewares/Third_Party/FreeRTOS/Source/tasks.o
 .bss.xDelayedTaskList2
                0x20000c90       0x14 ./Middlewares/Third_Party/FreeRTOS/Source/tasks.o
 .bss.pxDelayedTaskList
                0x20000ca4        0x4 ./Middlewares/Third_Party/FreeRTOS/Source/tasks.o
 .bss.pxOverflowDelayedTaskList
                0x20000ca8        0x4 ./Middlewares/Third_Party/FreeRTOS/Source/tasks.o
 .bss.xPendingReadyList
                0x20000cac       0x14 ./Middlewares/Third_Party/FreeRTOS/Source/tasks.o
 .bss.xTasksWaitingTermination
                0x20000cc0       0x14 ./Middlewares/Third_Party/FreeRTOS/Source/tasks.o
 .bss.uxDeletedTasksWaitingCleanUp
                0x20000cd4        0x4 ./Middlewares/Third_Party/FreeRTOS/Source/tasks.o
 .bss.xSuspendedTaskList
                0x20000cd8       0x14 ./Middlewares/Third_Party/FreeRTOS/Source/tasks.o
 .bss.uxCurrentNumberOfTasks
                0x20000cec        0x4 ./Middlewares/Third_Party/FreeRTOS/Source/tasks.o
 .bss.xTickCount
                0x20000cf0        0x4 ./Middlewares/Third_Party/FreeRTOS/Source/tasks.o
 .bss.uxTopReadyPriority
                0x20000cf4        0x4 ./Middlewares/Third_Party/FreeRTOS/Source/tasks.o
 .bss.xSchedulerRunning
                0x20000cf8        0x4 ./Middlewares/Third_Party/FreeRTOS/Source/tasks.o
 .bss.xPendedTicks
                0x20000cfc        0x4 ./Middlewares/Third_Party/FreeRTOS/Source/tasks.o
 .bss.xYieldPending
                0x20000d00        0x4 ./Middlewares/Third_Party/FreeRTOS/Source/tasks.o
 .bss.xNumOfOverflows
                0x20000d04        0x4 ./Middlewares/Third_Party/FreeRTOS/Source/tasks.o
 .bss.uxTaskNumber
                0x20000d08        0x4 ./Middlewares/Third_Party/FreeRTOS/Source/tasks.o
 .bss.xNextTaskUnblockTime
                0x20000d0c        0x4 ./Middlewares/Third_Party/FreeRTOS/Source/tasks.o
 .bss.xIdleTaskHandle
                0x20000d10        0x4 ./Middlewares/Third_Party/FreeRTOS/Source/tasks.o
 .bss.uxSchedulerSuspended
                0x20000d14        0x4 ./Middlewares/Third_Party/FreeRTOS/Source/tasks.o
 .bss.xActiveTimerList1
                0x20000d18       0x14 ./Middlewares/Third_Party/FreeRTOS/Source/timers.o
 .bss.xActiveTimerList2
                0x20000d2c       0x14 ./Middlewares/Third_Party/FreeRTOS/Source/timers.o
 .bss.pxCurrentTimerList
                0x20000d40        0x4 ./Middlewares/Third_Party/FreeRTOS/Source/timers.o
 .bss.pxOverflowTimerList
                0x20000d44        0x4 ./Middlewares/Third_Party/FreeRTOS/Source/timers.o
 .bss.xTimerQueue
                0x20000d48        0x4 ./Middlewares/Third_Party/FreeRTOS/Source/timers.o
 .bss.xTimerTaskHandle
                0x20000d4c        0x4 ./Middlewares/Third_Party/FreeRTOS/Source/timers.o
 .bss.xLastTime.2
                0x20000d50        0x4 ./Middlewares/Third_Party/FreeRTOS/Source/timers.o
 .bss.ucStaticTimerQueueStorage.1
                0x20000d54       0xa0 ./Middlewares/Third_Party/FreeRTOS/Source/timers.o
 .bss.xStaticTimerQueue.0
                0x20000df4       0x50 ./Middlewares/Third_Party/FreeRTOS/Source/timers.o
 .bss.ucMaxSysCallPriority
                0x20000e44        0x1 ./Middlewares/Third_Party/FreeRTOS/Source/portable/GCC/ARM_CM4F/port.o
 *fill*         0x20000e45        0x3 
 .bss.ulMaxPRIGROUPValue
                0x20000e48        0x4 ./Middlewares/Third_Party/FreeRTOS/Source/portable/GCC/ARM_CM4F/port.o
 .bss.ucHeap    0x20000e4c      0xbb8 ./Middlewares/Third_Party/FreeRTOS/Source/portable/MemMang/heap_4.o
 .bss.xStart    0x20001a04        0x8 ./Middlewares/Third_Party/FreeRTOS/Source/portable/MemMang/heap_4.o
 .bss.pxEnd     0x20001a0c        0x4 ./Middlewares/Third_Party/FreeRTOS/Source/portable/MemMang/heap_4.o
 .bss.xFreeBytesRemaining
                0x20001a10        0x4 ./Middlewares/Third_Party/FreeRTOS/Source/portable/MemMang/heap_4.o
 .bss.xMinimumEverFreeBytesRemaining
                0x20001a14        0x4 ./Middlewares/Third_Party/FreeRTOS/Source/portable/MemMang/heap_4.o
 .bss.xNumberOfSuccessfulAllocations
                0x20001a18        0x4 ./Middlewares/Third_Party/FreeRTOS/Source/portable/MemMang/heap_4.o
 .bss.xNumberOfSuccessfulFrees
                0x20001a1c        0x4 ./Middlewares/Third_Party/FreeRTOS/Source/portable/MemMang/heap_4.o
 .bss.xBlockAllocatedBit
                0x20001a20        0x4 ./Middlewares/Third_Party/FreeRTOS/Source/portable/MemMang/heap_4.o
 .bss.__sf      0x20001a24      0x138 C:/ST/STM32CubeIDE_1.16.0/STM32CubeIDE/plugins/com.st.stm32cube.ide.mcu.externaltools.gnu-tools-for-stm32.12.3.rel1.win32_1.0.200.202406191623/tools/bin/../lib/gcc/arm-none-eabi/12.3.1/../../../../arm-none-eabi/lib/thumb/v7e-m+fp/hard\libc_nano.a(libc_a-findfp.o)
                0x20001a24                __sf
 .bss.errno     0x20001b5c        0x4 C:/ST/STM32CubeIDE_1.16.0/STM32CubeIDE/plugins/com.st.stm32cube.ide.mcu.externaltools.gnu-tools-for-stm32.12.3.rel1.win32_1.0.200.202406191623/tools/bin/../lib/gcc/arm-none-eabi/12.3.1/../../../../arm-none-eabi/lib/thumb/v7e-m+fp/hard\libc_nano.a(libc_a-reent.o)
                0x20001b5c                errno
 .bss.__lock___malloc_recursive_mutex
                0x20001b60        0x1 C:/ST/STM32CubeIDE_1.16.0/STM32CubeIDE/plugins/com.st.stm32cube.ide.mcu.externaltools.gnu-tools-for-stm32.12.3.rel1.win32_1.0.200.202406191623/tools/bin/../lib/gcc/arm-none-eabi/12.3.1/../../../../arm-none-eabi/lib/thumb/v7e-m+fp/hard\libc_nano.a(libc_a-lock.o)
                0x20001b60                __lock___malloc_recursive_mutex
 *fill*         0x20001b61        0x3 
 .bss.__malloc_sbrk_start
                0x20001b64        0x4 C:/ST/STM32CubeIDE_1.16.0/STM32CubeIDE/plugins/com.st.stm32cube.ide.mcu.externaltools.gnu-tools-for-stm32.12.3.rel1.win32_1.0.200.202406191623/tools/bin/../lib/gcc/arm-none-eabi/12.3.1/../../../../arm-none-eabi/lib/thumb/v7e-m+fp/hard\libc_nano.a(libc_a-mallocr.o)
                0x20001b64                __malloc_sbrk_start
 .bss.__malloc_free_list
                0x20001b68        0x4 C:/ST/STM32CubeIDE_1.16.0/STM32CubeIDE/plugins/com.st.stm32cube.ide.mcu.externaltools.gnu-tools-for-stm32.12.3.rel1.win32_1.0.200.202406191623/tools/bin/../lib/gcc/arm-none-eabi/12.3.1/../../../../arm-none-eabi/lib/thumb/v7e-m+fp/hard\libc_nano.a(libc_a-mallocr.o)
                0x20001b68                __malloc_free_list
 *(COMMON)
                0x20001b6c                        . = ALIGN (0x4)
                0x20001b6c                        _ebss = .
                0x20001b6c                        __bss_end__ = _ebss

._user_heap_stack
                0x20001b6c      0x604 load address 0x08007984
                0x20001b70                        . = ALIGN (0x8)
 *fill*         0x20001b6c        0x4 
                [!provide]                        PROVIDE (end = .)
                0x20001b70                        PROVIDE (_end = .)
                0x20001d70                        . = (. + _Min_Heap_Size)
 *fill*         0x20001b70      0x200 
                0x20002170                        . = (. + _Min_Stack_Size)
 *fill*         0x20001d70      0x400 
                0x20002170                        . = ALIGN (0x8)

/DISCARD/
 libc.a(*)
 libm.a(*)
 libgcc.a(*)

.ARM.attributes
                0x00000000       0x30
 *(.ARM.attributes)
 .ARM.attributes
                0x00000000       0x22 C:/ST/STM32CubeIDE_1.16.0/STM32CubeIDE/plugins/com.st.stm32cube.ide.mcu.externaltools.gnu-tools-for-stm32.12.3.rel1.win32_1.0.200.202406191623/tools/bin/../lib/gcc/arm-none-eabi/12.3.1/thumb/v7e-m+fp/hard/crti.o
 .ARM.attributes
                0x00000022       0x34 C:/ST/STM32CubeIDE_1.16.0/STM32CubeIDE/plugins/com.st.stm32cube.ide.mcu.externaltools.gnu-tools-for-stm32.12.3.rel1.win32_1.0.200.202406191623/tools/bin/../lib/gcc/arm-none-eabi/12.3.1/thumb/v7e-m+fp/hard/crtbegin.o
 .ARM.attributes
                0x00000056       0x34 ./Core/Src/main.o
 .ARM.attributes
                0x0000008a       0x34 ./Core/Src/stm32l4xx_hal_msp.o
 .ARM.attributes
                0x000000be       0x34 ./Core/Src/stm32l4xx_it.o
 .ARM.attributes
                0x000000f2       0x34 ./Core/Src/sysmem.o
 .ARM.attributes
                0x00000126       0x34 ./Core/Src/system_stm32l4xx.o
 .ARM.attributes
                0x0000015a       0x21 ./Core/Startup/startup_stm32l476rgtx.o
 .ARM.attributes
                0x0000017b       0x34 ./Drivers/STM32L4xx_HAL_Driver/Src/stm32l4xx_hal.o
 .ARM.attributes
                0x000001af       0x34 ./Drivers/STM32L4xx_HAL_Driver/Src/stm32l4xx_hal_cortex.o
 .ARM.attributes
                0x000001e3       0x34 ./Drivers/STM32L4xx_HAL_Driver/Src/stm32l4xx_hal_dma.o
 .ARM.attributes
                0x00000217       0x34 ./Drivers/STM32L4xx_HAL_Driver/Src/stm32l4xx_hal_gpio.o
 .ARM.attributes
                0x0000024b       0x34 ./Drivers/STM32L4xx_HAL_Driver/Src/stm32l4xx_hal_pwr_ex.o
 .ARM.attributes
                0x0000027f       0x34 ./Drivers/STM32L4xx_HAL_Driver/Src/stm32l4xx_hal_rcc.o
 .ARM.attributes
                0x000002b3       0x34 ./Drivers/STM32L4xx_HAL_Driver/Src/stm32l4xx_hal_rcc_ex.o
 .ARM.attributes
                0x000002e7       0x34 ./Drivers/STM32L4xx_HAL_Driver/Src/stm32l4xx_hal_uart.o
 .ARM.attributes
                0x0000031b       0x34 ./Drivers/STM32L4xx_HAL_Driver/Src/stm32l4xx_hal_uart_ex.o
 .ARM.attributes
                0x0000034f       0x34 ./Middlewares/Third_Party/FreeRTOS/Source/CMSIS_RTOS_V2/cmsis_os2.o
 .ARM.attributes
                0x00000383       0x34 ./Middlewares/Third_Party/FreeRTOS/Source/list.o
 .ARM.attributes
                0x000003b7       0x34 ./Middlewares/Third_Party/FreeRTOS/Source/queue.o
 .ARM.attributes
                0x000003eb       0x34 ./Middlewares/Third_Party/FreeRTOS/Source/tasks.o
 .ARM.attributes
                0x0000041f       0x34 ./Middlewares/Third_Party/FreeRTOS/Source/timers.o
 .ARM.attributes
                0x00000453       0x34 ./Middlewares/Third_Party/FreeRTOS/Source/portable/GCC/ARM_CM4F/port.o
 .ARM.attributes
                0x00000487       0x34 ./Middlewares/Third_Party/FreeRTOS/Source/portable/MemMang/heap_4.o
 .ARM.attributes
                0x000004bb       0x34 C:/ST/STM32CubeIDE_1.16.0/STM32CubeIDE/plugins/com.st.stm32cube.ide.mcu.externaltools.gnu-tools-for-stm32.12.3.rel1.win32_1.0.200.202406191623/tools/bin/../lib/gcc/arm-none-eabi/12.3.1/../../../../arm-none-eabi/lib/thumb/v7e-m+fp/hard\libc_nano.a(libc_a-findfp.o)
 .ARM.attributes
                0x000004ef       0x34 C:/ST/STM32CubeIDE_1.16.0/STM32CubeIDE/plugins/com.st.stm32cube.ide.mcu.externaltools.gnu-tools-for-stm32.12.3.rel1.win32_1.0.200.202406191623/tools/bin/../lib/gcc/arm-none-eabi/12.3.1/../../../../arm-none-eabi/lib/thumb/v7e-m+fp/hard\libc_nano.a(libc_a-snprintf.o)
 .ARM.attributes
                0x00000523       0x34 C:/ST/STM32CubeIDE_1.16.0/STM32CubeIDE/plugins/com.st.stm32cube.ide.mcu.externaltools.gnu-tools-for-stm32.12.3.rel1.win32_1.0.200.202406191623/tools/bin/../lib/gcc/arm-none-eabi/12.3.1/../../../../arm-none-eabi/lib/thumb/v7e-m+fp/hard\libc_nano.a(libc_a-memset.o)
 .ARM.attributes
                0x00000557       0x34 C:/ST/STM32CubeIDE_1.16.0/STM32CubeIDE/plugins/com.st.stm32cube.ide.mcu.externaltools.gnu-tools-for-stm32.12.3.rel1.win32_1.0.200.202406191623/tools/bin/../lib/gcc/arm-none-eabi/12.3.1/../../../../arm-none-eabi/lib/thumb/v7e-m+fp/hard\libc_nano.a(libc_a-strncmp.o)
 .ARM.attributes
                0x0000058b       0x34 C:/ST/STM32CubeIDE_1.16.0/STM32CubeIDE/plugins/com.st.stm32cube.ide.mcu.externaltools.gnu-tools-for-stm32.12.3.rel1.win32_1.0.200.202406191623/tools/bin/../lib/gcc/arm-none-eabi/12.3.1/../../../../arm-none-eabi/lib/thumb/v7e-m+fp/hard\libc_nano.a(libc_a-reent.o)
 .ARM.attributes
                0x000005bf       0x34 C:/ST/STM32CubeIDE_1.16.0/STM32CubeIDE/plugins/com.st.stm32cube.ide.mcu.externaltools.gnu-tools-for-stm32.12.3.rel1.win32_1.0.200.202406191623/tools/bin/../lib/gcc/arm-none-eabi/12.3.1/../../../../arm-none-eabi/lib/thumb/v7e-m+fp/hard\libc_nano.a(libc_a-impure.o)
 .ARM.attributes
                0x000005f3       0x34 C:/ST/STM32CubeIDE_1.16.0/STM32CubeIDE/plugins/com.st.stm32cube.ide.mcu.externaltools.gnu-tools-for-stm32.12.3.rel1.win32_1.0.200.202406191623/tools/bin/../lib/gcc/arm-none-eabi/12.3.1/../../../../arm-none-eabi/lib/thumb/v7e-m+fp/hard\libc_nano.a(libc_a-errno.o)
 .ARM.attributes
                0x00000627       0x34 C:/ST/STM32CubeIDE_1.16.0/STM32CubeIDE/plugins/com.st.stm32cube.ide.mcu.externaltools.gnu-tools-for-stm32.12.3.rel1.win32_1.0.200.202406191623/tools/bin/../lib/gcc/arm-none-eabi/12.3.1/../../../../arm-none-eabi/lib/thumb/v7e-m+fp/hard\libc_nano.a(libc_a-init.o)
 .ARM.attributes
                0x0000065b       0x34 C:/ST/STM32CubeIDE_1.16.0/STM32CubeIDE/plugins/com.st.stm32cube.ide.mcu.externaltools.gnu-tools-for-stm32.12.3.rel1.win32_1.0.200.202406191623/tools/bin/../lib/gcc/arm-none-eabi/12.3.1/../../../../arm-none-eabi/lib/thumb/v7e-m+fp/hard\libc_nano.a(libc_a-lock.o)
 .ARM.attributes
                0x0000068f       0x34 C:/ST/STM32CubeIDE_1.16.0/STM32CubeIDE/plugins/com.st.stm32cube.ide.mcu.externaltools.gnu-tools-for-stm32.12.3.rel1.win32_1.0.200.202406191623/tools/bin/../lib/gcc/arm-none-eabi/12.3.1/../../../../arm-none-eabi/lib/thumb/v7e-m+fp/hard\libc_nano.a(libc_a-memcpy-stub.o)
 .ARM.attributes
                0x000006c3       0x17 C:/ST/STM32CubeIDE_1.16.0/STM32CubeIDE/plugins/com.st.stm32cube.ide.mcu.externaltools.gnu-tools-for-stm32.12.3.rel1.win32_1.0.200.202406191623/tools/bin/../lib/gcc/arm-none-eabi/12.3.1/../../../../arm-none-eabi/lib/thumb/v7e-m+fp/hard\libc_nano.a(libc_a-strlen.o)
 .ARM.attributes
                0x000006da       0x34 C:/ST/STM32CubeIDE_1.16.0/STM32CubeIDE/plugins/com.st.stm32cube.ide.mcu.externaltools.gnu-tools-for-stm32.12.3.rel1.win32_1.0.200.202406191623/tools/bin/../lib/gcc/arm-none-eabi/12.3.1/../../../../arm-none-eabi/lib/thumb/v7e-m+fp/hard\libc_nano.a(libc_a-freer.o)
 .ARM.attributes
                0x0000070e       0x34 C:/ST/STM32CubeIDE_1.16.0/STM32CubeIDE/plugins/com.st.stm32cube.ide.mcu.externaltools.gnu-tools-for-stm32.12.3.rel1.win32_1.0.200.202406191623/tools/bin/../lib/gcc/arm-none-eabi/12.3.1/../../../../arm-none-eabi/lib/thumb/v7e-m+fp/hard\libc_nano.a(libc_a-mallocr.o)
 .ARM.attributes
                0x00000742       0x34 C:/ST/STM32CubeIDE_1.16.0/STM32CubeIDE/plugins/com.st.stm32cube.ide.mcu.externaltools.gnu-tools-for-stm32.12.3.rel1.win32_1.0.200.202406191623/tools/bin/../lib/gcc/arm-none-eabi/12.3.1/../../../../arm-none-eabi/lib/thumb/v7e-m+fp/hard\libc_nano.a(libc_a-mlock.o)
 .ARM.attributes
                0x00000776       0x34 C:/ST/STM32CubeIDE_1.16.0/STM32CubeIDE/plugins/com.st.stm32cube.ide.mcu.externaltools.gnu-tools-for-stm32.12.3.rel1.win32_1.0.200.202406191623/tools/bin/../lib/gcc/arm-none-eabi/12.3.1/../../../../arm-none-eabi/lib/thumb/v7e-m+fp/hard\libc_nano.a(libc_a-nano-svfprintf.o)
 .ARM.attributes
                0x000007aa       0x34 C:/ST/STM32CubeIDE_1.16.0/STM32CubeIDE/plugins/com.st.stm32cube.ide.mcu.externaltools.gnu-tools-for-stm32.12.3.rel1.win32_1.0.200.202406191623/tools/bin/../lib/gcc/arm-none-eabi/12.3.1/../../../../arm-none-eabi/lib/thumb/v7e-m+fp/hard\libc_nano.a(libc_a-nano-vfprintf_i.o)
 .ARM.attributes
                0x000007de       0x34 C:/ST/STM32CubeIDE_1.16.0/STM32CubeIDE/plugins/com.st.stm32cube.ide.mcu.externaltools.gnu-tools-for-stm32.12.3.rel1.win32_1.0.200.202406191623/tools/bin/../lib/gcc/arm-none-eabi/12.3.1/../../../../arm-none-eabi/lib/thumb/v7e-m+fp/hard\libc_nano.a(libc_a-memmove.o)
 .ARM.attributes
                0x00000812       0x34 C:/ST/STM32CubeIDE_1.16.0/STM32CubeIDE/plugins/com.st.stm32cube.ide.mcu.externaltools.gnu-tools-for-stm32.12.3.rel1.win32_1.0.200.202406191623/tools/bin/../lib/gcc/arm-none-eabi/12.3.1/../../../../arm-none-eabi/lib/thumb/v7e-m+fp/hard\libc_nano.a(libc_a-sbrkr.o)
 .ARM.attributes
                0x00000846       0x1c C:/ST/STM32CubeIDE_1.16.0/STM32CubeIDE/plugins/com.st.stm32cube.ide.mcu.externaltools.gnu-tools-for-stm32.12.3.rel1.win32_1.0.200.202406191623/tools/bin/../lib/gcc/arm-none-eabi/12.3.1/../../../../arm-none-eabi/lib/thumb/v7e-m+fp/hard\libc_nano.a(libc_a-memchr.o)
 .ARM.attributes
                0x00000862       0x34 C:/ST/STM32CubeIDE_1.16.0/STM32CubeIDE/plugins/com.st.stm32cube.ide.mcu.externaltools.gnu-tools-for-stm32.12.3.rel1.win32_1.0.200.202406191623/tools/bin/../lib/gcc/arm-none-eabi/12.3.1/../../../../arm-none-eabi/lib/thumb/v7e-m+fp/hard\libc_nano.a(libc_a-reallocr.o)
 .ARM.attributes
                0x00000896       0x34 C:/ST/STM32CubeIDE_1.16.0/STM32CubeIDE/plugins/com.st.stm32cube.ide.mcu.externaltools.gnu-tools-for-stm32.12.3.rel1.win32_1.0.200.202406191623/tools/bin/../lib/gcc/arm-none-eabi/12.3.1/../../../../arm-none-eabi/lib/thumb/v7e-m+fp/hard\libc_nano.a(libc_a-msizer.o)
 .ARM.attributes
                0x000008ca       0x22 C:/ST/STM32CubeIDE_1.16.0/STM32CubeIDE/plugins/com.st.stm32cube.ide.mcu.externaltools.gnu-tools-for-stm32.12.3.rel1.win32_1.0.200.202406191623/tools/bin/../lib/gcc/arm-none-eabi/12.3.1/thumb/v7e-m+fp/hard\libgcc.a(_aeabi_uldivmod.o)
 .ARM.attributes
                0x000008ec       0x34 C:/ST/STM32CubeIDE_1.16.0/STM32CubeIDE/plugins/com.st.stm32cube.ide.mcu.externaltools.gnu-tools-for-stm32.12.3.rel1.win32_1.0.200.202406191623/tools/bin/../lib/gcc/arm-none-eabi/12.3.1/thumb/v7e-m+fp/hard\libgcc.a(_udivmoddi4.o)
 .ARM.attributes
                0x00000920       0x22 C:/ST/STM32CubeIDE_1.16.0/STM32CubeIDE/plugins/com.st.stm32cube.ide.mcu.externaltools.gnu-tools-for-stm32.12.3.rel1.win32_1.0.200.202406191623/tools/bin/../lib/gcc/arm-none-eabi/12.3.1/thumb/v7e-m+fp/hard\libgcc.a(_dvmd_tls.o)
 .ARM.attributes
                0x00000942       0x22 C:/ST/STM32CubeIDE_1.16.0/STM32CubeIDE/plugins/com.st.stm32cube.ide.mcu.externaltools.gnu-tools-for-stm32.12.3.rel1.win32_1.0.200.202406191623/tools/bin/../lib/gcc/arm-none-eabi/12.3.1/thumb/v7e-m+fp/hard/crtn.o
OUTPUT(FreeRTOS_Starter.elf elf32-littlearm)
LOAD linker stubs
LOAD C:/ST/STM32CubeIDE_1.16.0/STM32CubeIDE/plugins/com.st.stm32cube.ide.mcu.externaltools.gnu-tools-for-stm32.12.3.rel1.win32_1.0.200.202406191623/tools/bin/../lib/gcc/arm-none-eabi/12.3.1/../../../../arm-none-eabi/lib/thumb/v7e-m+fp/hard\libc.a
LOAD C:/ST/STM32CubeIDE_1.16.0/STM32CubeIDE/plugins/com.st.stm32cube.ide.mcu.externaltools.gnu-tools-for-stm32.12.3.rel1.win32_1.0.200.202406191623/tools/bin/../lib/gcc/arm-none-eabi/12.3.1/../../../../arm-none-eabi/lib/thumb/v7e-m+fp/hard\libm.a
LOAD C:/ST/STM32CubeIDE_1.16.0/STM32CubeIDE/plugins/com.st.stm32cube.ide.mcu.externaltools.gnu-tools-for-stm32.12.3.rel1.win32_1.0.200.202406191623/tools/bin/../lib/gcc/arm-none-eabi/12.3.1/thumb/v7e-m+fp/hard\libgcc.a

.debug_info     0x00000000    0x15f77
 .debug_info    0x00000000     0x132f ./Core/Src/main.o
 .debug_info    0x0000132f      0xfa0 ./Core/Src/stm32l4xx_hal_msp.o
 .debug_info    0x000022cf      0x7ba ./Core/Src/stm32l4xx_it.o
 .debug_info    0x00002a89      0x168 ./Core/Src/sysmem.o
 .debug_info    0x00002bf1      0x5b1 ./Core/Src/system_stm32l4xx.o
 .debug_info    0x000031a2       0x30 ./Core/Startup/startup_stm32l476rgtx.o
 .debug_info    0x000031d2      0xc09 ./Drivers/STM32L4xx_HAL_Driver/Src/stm32l4xx_hal.o
 .debug_info    0x00003ddb      0xd81 ./Drivers/STM32L4xx_HAL_Driver/Src/stm32l4xx_hal_cortex.o
 .debug_info    0x00004b5c      0x6f4 ./Drivers/STM32L4xx_HAL_Driver/Src/stm32l4xx_hal_dma.o
 .debug_info    0x00005250      0x757 ./Drivers/STM32L4xx_HAL_Driver/Src/stm32l4xx_hal_gpio.o
 .debug_info    0x000059a7      0x99e ./Drivers/STM32L4xx_HAL_Driver/Src/stm32l4xx_hal_pwr_ex.o
 .debug_info    0x00006345      0xc14 ./Drivers/STM32L4xx_HAL_Driver/Src/stm32l4xx_hal_rcc.o
 .debug_info    0x00006f59      0xe11 ./Drivers/STM32L4xx_HAL_Driver/Src/stm32l4xx_hal_rcc_ex.o
 .debug_info    0x00007d6a     0x3b69 ./Drivers/STM32L4xx_HAL_Driver/Src/stm32l4xx_hal_uart.o
 .debug_info    0x0000b8d3      0xdff ./Drivers/STM32L4xx_HAL_Driver/Src/stm32l4xx_hal_uart_ex.o
 .debug_info    0x0000c6d2     0x3a56 ./Middlewares/Third_Party/FreeRTOS/Source/CMSIS_RTOS_V2/cmsis_os2.o
 .debug_info    0x00010128      0x2af ./Middlewares/Third_Party/FreeRTOS/Source/list.o
 .debug_info    0x000103d7     0x1b79 ./Middlewares/Third_Party/FreeRTOS/Source/queue.o
 .debug_info    0x00011f50     0x21ec ./Middlewares/Third_Party/FreeRTOS/Source/tasks.o
 .debug_info    0x0001413c     0x1488 ./Middlewares/Third_Party/FreeRTOS/Source/timers.o
 .debug_info    0x000155c4      0x4de ./Middlewares/Third_Party/FreeRTOS/Source/portable/GCC/ARM_CM4F/port.o
 .debug_info    0x00015aa2      0x4d5 ./Middlewares/Third_Party/FreeRTOS/Source/portable/MemMang/heap_4.o

.debug_abbrev   0x00000000     0x3388
 .debug_abbrev  0x00000000      0x2c1 ./Core/Src/main.o
 .debug_abbrev  0x000002c1      0x1d8 ./Core/Src/stm32l4xx_hal_msp.o
 .debug_abbrev  0x00000499      0x1eb ./Core/Src/stm32l4xx_it.o
 .debug_abbrev  0x00000684       0xbc ./Core/Src/sysmem.o
 .debug_abbrev  0x00000740      0x11a ./Core/Src/system_stm32l4xx.o
 .debug_abbrev  0x0000085a       0x24 ./Core/Startup/startup_stm32l476rgtx.o
 .debug_abbrev  0x0000087e      0x243 ./Drivers/STM32L4xx_HAL_Driver/Src/stm32l4xx_hal.o
 .debug_abbrev  0x00000ac1      0x31c ./Drivers/STM32L4xx_HAL_Driver/Src/stm32l4xx_hal_cortex.o
 .debug_abbrev  0x00000ddd      0x1e4 ./Drivers/STM32L4xx_HAL_Driver/Src/stm32l4xx_hal_dma.o
 .debug_abbrev  0x00000fc1      0x1cb ./Drivers/STM32L4xx_HAL_Driver/Src/stm32l4xx_hal_gpio.o
 .debug_abbrev  0x0000118c      0x1f9 ./Drivers/STM32L4xx_HAL_Driver/Src/stm32l4xx_hal_pwr_ex.o
 .debug_abbrev  0x00001385      0x2cb ./Drivers/STM32L4xx_HAL_Driver/Src/stm32l4xx_hal_rcc.o
 .debug_abbrev  0x00001650      0x2a6 ./Drivers/STM32L4xx_HAL_Driver/Src/stm32l4xx_hal_rcc_ex.o
 .debug_abbrev  0x000018f6      0x2d0 ./Drivers/STM32L4xx_HAL_Driver/Src/stm32l4xx_hal_uart.o
 .debug_abbrev  0x00001bc6      0x2be ./Drivers/STM32L4xx_HAL_Driver/Src/stm32l4xx_hal_uart_ex.o
 .debug_abbrev  0x00001e84      0x508 ./Middlewares/Third_Party/FreeRTOS/Source/CMSIS_RTOS_V2/cmsis_os2.o
 .debug_abbrev  0x0000238c       0xf5 ./Middlewares/Third_Party/FreeRTOS/Source/list.o
 .debug_abbrev  0x00002481      0x3b6 ./Middlewares/Third_Party/FreeRTOS/Source/queue.o
 .debug_abbrev  0x00002837      0x386 ./Middlewares/Third_Party/FreeRTOS/Source/tasks.o
 .debug_abbrev  0x00002bbd      0x352 ./Middlewares/Third_Party/FreeRTOS/Source/timers.o
 .debug_abbrev  0x00002f0f      0x25c ./Middlewares/Third_Party/FreeRTOS/Source/portable/GCC/ARM_CM4F/port.o
 .debug_abbrev  0x0000316b      0x21d ./Middlewares/Third_Party/FreeRTOS/Source/portable/MemMang/heap_4.o

.debug_aranges  0x00000000     0x11f0
 .debug_aranges
                0x00000000       0x60 ./Core/Src/main.o
 .debug_aranges
                0x00000060       0x30 ./Core/Src/stm32l4xx_hal_msp.o
 .debug_aranges
                0x00000090       0x58 ./Core/Src/stm32l4xx_it.o
 .debug_aranges
                0x000000e8       0x20 ./Core/Src/sysmem.o
 .debug_aranges
                0x00000108       0x28 ./Core/Src/system_stm32l4xx.o
 .debug_aranges
                0x00000130       0x28 ./Core/Startup/startup_stm32l476rgtx.o
 .debug_aranges
                0x00000158      0x130 ./Drivers/STM32L4xx_HAL_Driver/Src/stm32l4xx_hal.o
 .debug_aranges
                0x00000288      0x128 ./Drivers/STM32L4xx_HAL_Driver/Src/stm32l4xx_hal_cortex.o
 .debug_aranges
                0x000003b0       0x80 ./Drivers/STM32L4xx_HAL_Driver/Src/stm32l4xx_hal_dma.o
 .debug_aranges
                0x00000430       0x58 ./Drivers/STM32L4xx_HAL_Driver/Src/stm32l4xx_hal_gpio.o
 .debug_aranges
                0x00000488      0x160 ./Drivers/STM32L4xx_HAL_Driver/Src/stm32l4xx_hal_pwr_ex.o
 .debug_aranges
                0x000005e8       0x90 ./Drivers/STM32L4xx_HAL_Driver/Src/stm32l4xx_hal_rcc.o
 .debug_aranges
                0x00000678       0xc0 ./Drivers/STM32L4xx_HAL_Driver/Src/stm32l4xx_hal_rcc_ex.o
 .debug_aranges
                0x00000738      0x228 ./Drivers/STM32L4xx_HAL_Driver/Src/stm32l4xx_hal_uart.o
 .debug_aranges
                0x00000960       0x80 ./Drivers/STM32L4xx_HAL_Driver/Src/stm32l4xx_hal_uart_ex.o
 .debug_aranges
                0x000009e0      0x2a8 ./Middlewares/Third_Party/FreeRTOS/Source/CMSIS_RTOS_V2/cmsis_os2.o
 .debug_aranges
                0x00000c88       0x40 ./Middlewares/Third_Party/FreeRTOS/Source/list.o
 .debug_aranges
                0x00000cc8      0x158 ./Middlewares/Third_Party/FreeRTOS/Source/queue.o
 .debug_aranges
                0x00000e20      0x208 ./Middlewares/Third_Party/FreeRTOS/Source/tasks.o
 .debug_aranges
                0x00001028       0xf0 ./Middlewares/Third_Party/FreeRTOS/Source/timers.o
 .debug_aranges
                0x00001118       0x80 ./Middlewares/Third_Party/FreeRTOS/Source/portable/GCC/ARM_CM4F/port.o
 .debug_aranges
                0x00001198       0x58 ./Middlewares/Third_Party/FreeRTOS/Source/portable/MemMang/heap_4.o

.debug_rnglists
                0x00000000      0xdc3
 .debug_rnglists
                0x00000000       0x47 ./Core/Src/main.o
 .debug_rnglists
                0x00000047       0x20 ./Core/Src/stm32l4xx_hal_msp.o
 .debug_rnglists
                0x00000067       0x3d ./Core/Src/stm32l4xx_it.o
 .debug_rnglists
                0x000000a4       0x13 ./Core/Src/sysmem.o
 .debug_rnglists
                0x000000b7       0x1a ./Core/Src/system_stm32l4xx.o
 .debug_rnglists
                0x000000d1       0x19 ./Core/Startup/startup_stm32l476rgtx.o
 .debug_rnglists
                0x000000ea       0xdf ./Drivers/STM32L4xx_HAL_Driver/Src/stm32l4xx_hal.o
 .debug_rnglists
                0x000001c9       0xda ./Drivers/STM32L4xx_HAL_Driver/Src/stm32l4xx_hal_cortex.o
 .debug_rnglists
                0x000002a3       0x64 ./Drivers/STM32L4xx_HAL_Driver/Src/stm32l4xx_hal_dma.o
 .debug_rnglists
                0x00000307       0x3f ./Drivers/STM32L4xx_HAL_Driver/Src/stm32l4xx_hal_gpio.o
 .debug_rnglists
                0x00000346      0x109 ./Drivers/STM32L4xx_HAL_Driver/Src/stm32l4xx_hal_pwr_ex.o
 .debug_rnglists
                0x0000044f       0x6d ./Drivers/STM32L4xx_HAL_Driver/Src/stm32l4xx_hal_rcc.o
 .debug_rnglists
                0x000004bc       0x95 ./Drivers/STM32L4xx_HAL_Driver/Src/stm32l4xx_hal_rcc_ex.o
 .debug_rnglists
                0x00000551      0x1db ./Drivers/STM32L4xx_HAL_Driver/Src/stm32l4xx_hal_uart.o
 .debug_rnglists
                0x0000072c       0x60 ./Drivers/STM32L4xx_HAL_Driver/Src/stm32l4xx_hal_uart_ex.o
 .debug_rnglists
                0x0000078c      0x20c ./Middlewares/Third_Party/FreeRTOS/Source/CMSIS_RTOS_V2/cmsis_os2.o
 .debug_rnglists
                0x00000998       0x2b ./Middlewares/Third_Party/FreeRTOS/Source/list.o
 .debug_rnglists
                0x000009c3      0x109 ./Middlewares/Third_Party/FreeRTOS/Source/queue.o
 .debug_rnglists
                0x00000acc      0x1a0 ./Middlewares/Third_Party/FreeRTOS/Source/tasks.o
 .debug_rnglists
                0x00000c6c       0xb8 ./Middlewares/Third_Party/FreeRTOS/Source/timers.o
 .debug_rnglists
                0x00000d24       0x5d ./Middlewares/Third_Party/FreeRTOS/Source/portable/GCC/ARM_CM4F/port.o
 .debug_rnglists
                0x00000d81       0x42 ./Middlewares/Third_Party/FreeRTOS/Source/portable/MemMang/heap_4.o

.debug_macro    0x00000000     0x3c6c
 .debug_macro   0x00000000      0x360 ./Core/Src/main.o
 .debug_macro   0x00000360      0x169 ./Core/Src/main.o
 .debug_macro   0x000004c9       0x66 ./Core/Src/main.o
 .debug_macro   0x0000052f       0x74 ./Core/Src/main.o
 .debug_macro   0x000005a3       0xdd ./Core/Src/main.o
 .debug_macro   0x00000680       0x61 ./Core/Src/main.o
 .debug_macro   0x000006e1       0x2a ./Core/Src/main.o
 .debug_macro   0x0000070b       0x43 ./Core/Src/main.o
 .debug_macro   0x0000074e       0x34 ./Core/Src/main.o
 .debug_macro   0x00000782       0x16 ./Core/Src/main.o
 .debug_macro   0x00000798       0x43 ./Core/Src/main.o
 .debug_macro   0x000007db       0x34 ./Core/Src/main.o
 .debug_macro   0x0000080f       0x10 ./Core/Src/main.o
 .debug_macro   0x0000081f       0x58 ./Core/Src/main.o
 .debug_macro   0x00000877       0x8e ./Core/Src/main.o
 .debug_macro   0x00000905       0x1c ./Core/Src/main.o
 .debug_macro   0x00000921      0x177 ./Core/Src/main.o
 .debug_macro   0x00000a98      0x369 ./Core/Src/main.o
 .debug_macro   0x00000e01       0x10 ./Core/Src/main.o
 .debug_macro   0x00000e11       0x35 ./Core/Src/main.o
 .debug_macro   0x00000e46       0x20 ./Core/Src/main.o
 .debug_macro   0x00000e66       0x87 ./Core/Src/main.o
 .debug_macro   0x00000eed       0x1c ./Core/Src/main.o
 .debug_macro   0x00000f09       0x10 ./Core/Src/main.o
 .debug_macro   0x00000f19       0x1c ./Core/Src/main.o
 .debug_macro   0x00000f35       0x16 ./Core/Src/main.o
 .debug_macro   0x00000f4b      0x146 ./Core/Src/main.o
 .debug_macro   0x00001091      0x1bb ./Core/Src/stm32l4xx_hal_msp.o
 .debug_macro   0x0000124c      0x240 ./Core/Src/stm32l4xx_it.o
 .debug_macro   0x0000148c       0xff ./Core/Src/sysmem.o
 .debug_macro   0x0000158b      0x23c ./Core/Src/sysmem.o
 .debug_macro   0x000017c7      0x1ac ./Core/Src/system_stm32l4xx.o
 .debug_macro   0x00001973      0x1fa ./Drivers/STM32L4xx_HAL_Driver/Src/stm32l4xx_hal.o
 .debug_macro   0x00001b6d      0x1ac ./Drivers/STM32L4xx_HAL_Driver/Src/stm32l4xx_hal_cortex.o
 .debug_macro   0x00001d19      0x1ac ./Drivers/STM32L4xx_HAL_Driver/Src/stm32l4xx_hal_dma.o
 .debug_macro   0x00001ec5      0x1b3 ./Drivers/STM32L4xx_HAL_Driver/Src/stm32l4xx_hal_gpio.o
 .debug_macro   0x00002078      0x1d0 ./Drivers/STM32L4xx_HAL_Driver/Src/stm32l4xx_hal_pwr_ex.o
 .debug_macro   0x00002248      0x1ee ./Drivers/STM32L4xx_HAL_Driver/Src/stm32l4xx_hal_rcc.o
 .debug_macro   0x00002436      0x1e2 ./Drivers/STM32L4xx_HAL_Driver/Src/stm32l4xx_hal_rcc_ex.o
 .debug_macro   0x00002618      0x1d7 ./Drivers/STM32L4xx_HAL_Driver/Src/stm32l4xx_hal_uart.o
 .debug_macro   0x000027ef      0x1ac ./Drivers/STM32L4xx_HAL_Driver/Src/stm32l4xx_hal_uart_ex.o
 .debug_macro   0x0000299b      0x3a3 ./Middlewares/Third_Party/FreeRTOS/Source/CMSIS_RTOS_V2/cmsis_os2.o
 .debug_macro   0x00002d3e       0x10 ./Middlewares/Third_Party/FreeRTOS/Source/CMSIS_RTOS_V2/cmsis_os2.o
 .debug_macro   0x00002d4e       0xf5 ./Middlewares/Third_Party/FreeRTOS/Source/CMSIS_RTOS_V2/cmsis_os2.o
 .debug_macro   0x00002e43       0x91 ./Middlewares/Third_Party/FreeRTOS/Source/CMSIS_RTOS_V2/cmsis_os2.o
 .debug_macro   0x00002ed4       0x8d ./Middlewares/Third_Party/FreeRTOS/Source/CMSIS_RTOS_V2/cmsis_os2.o
 .debug_macro   0x00002f61       0x9a ./Middlewares/Third_Party/FreeRTOS/Source/CMSIS_RTOS_V2/cmsis_os2.o
 .debug_macro   0x00002ffb       0x22 ./Middlewares/Third_Party/FreeRTOS/Source/CMSIS_RTOS_V2/cmsis_os2.o
 .debug_macro   0x0000301d       0x56 ./Middlewares/Third_Party/FreeRTOS/Source/CMSIS_RTOS_V2/cmsis_os2.o
 .debug_macro   0x00003073      0x187 ./Middlewares/Third_Party/FreeRTOS/Source/list.o
 .debug_macro   0x000031fa      0x216 ./Middlewares/Third_Party/FreeRTOS/Source/queue.o
 .debug_macro   0x00003410       0x16 ./Middlewares/Third_Party/FreeRTOS/Source/queue.o
 .debug_macro   0x00003426      0x27f ./Middlewares/Third_Party/FreeRTOS/Source/tasks.o
 .debug_macro   0x000036a5       0x10 ./Middlewares/Third_Party/FreeRTOS/Source/tasks.o
 .debug_macro   0x000036b5      0x1dc ./Middlewares/Third_Party/FreeRTOS/Source/timers.o
 .debug_macro   0x00003891       0x97 ./Middlewares/Third_Party/FreeRTOS/Source/timers.o
 .debug_macro   0x00003928      0x196 ./Middlewares/Third_Party/FreeRTOS/Source/portable/GCC/ARM_CM4F/port.o
 .debug_macro   0x00003abe      0x1ae ./Middlewares/Third_Party/FreeRTOS/Source/portable/MemMang/heap_4.o

.debug_line     0x00000000    0x14b2b
 .debug_line    0x00000000      0xbde ./Core/Src/main.o
 .debug_line    0x00000bde      0x782 ./Core/Src/stm32l4xx_hal_msp.o
 .debug_line    0x00001360      0x90b ./Core/Src/stm32l4xx_it.o
 .debug_line    0x00001c6b      0x583 ./Core/Src/sysmem.o
 .debug_line    0x000021ee      0x7b9 ./Core/Src/system_stm32l4xx.o
 .debug_line    0x000029a7       0x7a ./Core/Startup/startup_stm32l476rgtx.o
 .debug_line    0x00002a21      0xb15 ./Drivers/STM32L4xx_HAL_Driver/Src/stm32l4xx_hal.o
 .debug_line    0x00003536      0xcdd ./Drivers/STM32L4xx_HAL_Driver/Src/stm32l4xx_hal_cortex.o
 .debug_line    0x00004213      0xd19 ./Drivers/STM32L4xx_HAL_Driver/Src/stm32l4xx_hal_dma.o
 .debug_line    0x00004f2c      0xba0 ./Drivers/STM32L4xx_HAL_Driver/Src/stm32l4xx_hal_gpio.o
 .debug_line    0x00005acc      0xd06 ./Drivers/STM32L4xx_HAL_Driver/Src/stm32l4xx_hal_pwr_ex.o
 .debug_line    0x000067d2      0xf8d ./Drivers/STM32L4xx_HAL_Driver/Src/stm32l4xx_hal_rcc.o
 .debug_line    0x0000775f     0x14ff ./Drivers/STM32L4xx_HAL_Driver/Src/stm32l4xx_hal_rcc_ex.o
 .debug_line    0x00008c5e     0x3226 ./Drivers/STM32L4xx_HAL_Driver/Src/stm32l4xx_hal_uart.o
 .debug_line    0x0000be84      0xc1a ./Drivers/STM32L4xx_HAL_Driver/Src/stm32l4xx_hal_uart_ex.o
 .debug_line    0x0000ca9e     0x234d ./Middlewares/Third_Party/FreeRTOS/Source/CMSIS_RTOS_V2/cmsis_os2.o
 .debug_line    0x0000edeb      0x796 ./Middlewares/Third_Party/FreeRTOS/Source/list.o
 .debug_line    0x0000f581     0x1760 ./Middlewares/Third_Party/FreeRTOS/Source/queue.o
 .debug_line    0x00010ce1     0x1e32 ./Middlewares/Third_Party/FreeRTOS/Source/tasks.o
 .debug_line    0x00012b13      0xe1e ./Middlewares/Third_Party/FreeRTOS/Source/timers.o
 .debug_line    0x00013931      0x839 ./Middlewares/Third_Party/FreeRTOS/Source/portable/GCC/ARM_CM4F/port.o
 .debug_line    0x0001416a      0x9c1 ./Middlewares/Third_Party/FreeRTOS/Source/portable/MemMang/heap_4.o

.debug_str      0x00000000    0xf2532
 .debug_str     0x00000000    0xea17b ./Core/Src/main.o
                              0xea503 (size before relaxing)
 .debug_str     0x000ea17b      0x75f ./Core/Src/stm32l4xx_hal_msp.o
                              0xe1b60 (size before relaxing)
 .debug_str     0x000ea8da      0x118 ./Core/Src/stm32l4xx_it.o
                              0xe584e (size before relaxing)
 .debug_str     0x000ea9f2      0x35c ./Core/Src/sysmem.o
                               0x60ca (size before relaxing)
 .debug_str     0x000ead4e       0xf2 ./Core/Src/system_stm32l4xx.o
                              0xe0df7 (size before relaxing)
 .debug_str     0x000eae40       0x44 ./Core/Startup/startup_stm32l476rgtx.o
                                 0x7d (size before relaxing)
 .debug_str     0x000eae84      0x6b1 ./Drivers/STM32L4xx_HAL_Driver/Src/stm32l4xx_hal.o
                              0xe19f6 (size before relaxing)
 .debug_str     0x000eb535      0x34c ./Drivers/STM32L4xx_HAL_Driver/Src/stm32l4xx_hal_cortex.o
                              0xe1670 (size before relaxing)
 .debug_str     0x000eb881      0x258 ./Drivers/STM32L4xx_HAL_Driver/Src/stm32l4xx_hal_dma.o
                              0xe1061 (size before relaxing)
 .debug_str     0x000ebad9      0x110 ./Drivers/STM32L4xx_HAL_Driver/Src/stm32l4xx_hal_gpio.o
                              0xe0f70 (size before relaxing)
 .debug_str     0x000ebbe9      0x4e3 ./Drivers/STM32L4xx_HAL_Driver/Src/stm32l4xx_hal_pwr_ex.o
                              0xe1352 (size before relaxing)
 .debug_str     0x000ec0cc      0x345 ./Drivers/STM32L4xx_HAL_Driver/Src/stm32l4xx_hal_rcc.o
                              0xe143d (size before relaxing)
 .debug_str     0x000ec411      0x3bf ./Drivers/STM32L4xx_HAL_Driver/Src/stm32l4xx_hal_rcc_ex.o
                              0xe15b6 (size before relaxing)
 .debug_str     0x000ec7d0      0x889 ./Drivers/STM32L4xx_HAL_Driver/Src/stm32l4xx_hal_uart.o
                              0xe1b4f (size before relaxing)
 .debug_str     0x000ed059      0x200 ./Drivers/STM32L4xx_HAL_Driver/Src/stm32l4xx_hal_uart_ex.o
                              0xe137b (size before relaxing)
 .debug_str     0x000ed259     0x277f ./Middlewares/Third_Party/FreeRTOS/Source/CMSIS_RTOS_V2/cmsis_os2.o
                              0xeb98d (size before relaxing)
 .debug_str     0x000ef9d8      0x20f ./Middlewares/Third_Party/FreeRTOS/Source/list.o
                               0xaae3 (size before relaxing)
 .debug_str     0x000efbe7      0x892 ./Middlewares/Third_Party/FreeRTOS/Source/queue.o
                               0xc623 (size before relaxing)
 .debug_str     0x000f0479     0x1063 ./Middlewares/Third_Party/FreeRTOS/Source/tasks.o
                               0xd0e0 (size before relaxing)
 .debug_str     0x000f14dc      0x5af ./Middlewares/Third_Party/FreeRTOS/Source/timers.o
                               0xcb55 (size before relaxing)
 .debug_str     0x000f1a8b      0x783 ./Middlewares/Third_Party/FreeRTOS/Source/portable/GCC/ARM_CM4F/port.o